Component: ARM Compiler 5.06 update 6 (build 750) Tool: armlink [4d35ed]

==============================================================================

Section Cross References

    startup_stm32f446xx.o(STACK) refers (Special) to heapauxi.o(.text) for __use_two_region_memory
    startup_stm32f446xx.o(HEAP) refers (Special) to heapauxi.o(.text) for __use_two_region_memory
    startup_stm32f446xx.o(RESET) refers (Special) to heapauxi.o(.text) for __use_two_region_memory
    startup_stm32f446xx.o(RESET) refers to startup_stm32f446xx.o(STACK) for __initial_sp
    startup_stm32f446xx.o(RESET) refers to startup_stm32f446xx.o(.text) for Reset_Handler
    startup_stm32f446xx.o(RESET) refers to stm32f4xx_it.o(i.NMI_Handler) for NMI_Handler
    startup_stm32f446xx.o(RESET) refers to stm32f4xx_it.o(i.HardFault_Handler) for HardFault_Handler
    startup_stm32f446xx.o(RESET) refers to stm32f4xx_it.o(i.MemManage_Handler) for MemManage_Handler
    startup_stm32f446xx.o(RESET) refers to stm32f4xx_it.o(i.BusFault_Handler) for BusFault_Handler
    startup_stm32f446xx.o(RESET) refers to stm32f4xx_it.o(i.UsageFault_Handler) for UsageFault_Handler
    startup_stm32f446xx.o(RESET) refers to stm32f4xx_it.o(i.SVC_Handler) for SVC_Handler
    startup_stm32f446xx.o(RESET) refers to stm32f4xx_it.o(i.DebugMon_Handler) for DebugMon_Handler
    startup_stm32f446xx.o(RESET) refers to stm32f4xx_it.o(i.PendSV_Handler) for PendSV_Handler
    startup_stm32f446xx.o(RESET) refers to stm32f4xx_it.o(i.SysTick_Handler) for SysTick_Handler
    startup_stm32f446xx.o(RESET) refers to stm32f4xx_it.o(i.EXTI0_IRQHandler) for EXTI0_IRQHandler
    startup_stm32f446xx.o(RESET) refers to stm32f4xx_it.o(i.EXTI1_IRQHandler) for EXTI1_IRQHandler
    startup_stm32f446xx.o(RESET) refers to stm32f4xx_it.o(i.UART5_IRQHandler) for UART5_IRQHandler
    startup_stm32f446xx.o(RESET) refers to stm32f4xx_it.o(i.DMA2_Stream0_IRQHandler) for DMA2_Stream0_IRQHandler
    startup_stm32f446xx.o(.text) refers (Special) to heapauxi.o(.text) for __use_two_region_memory
    startup_stm32f446xx.o(.text) refers to system_stm32f4xx.o(i.SystemInit) for SystemInit
    startup_stm32f446xx.o(.text) refers to __main.o(!!!main) for __main
    startup_stm32f446xx.o(.text) refers to startup_stm32f446xx.o(HEAP) for Heap_Mem
    startup_stm32f446xx.o(.text) refers to startup_stm32f446xx.o(STACK) for Stack_Mem
    main.o(i.HAL_UART_RxCpltCallback) refers to main.o(.data) for .data
    main.o(i.MX_ADC3_Init) refers to stm32f4xx_hal_adc.o(i.HAL_ADC_Init) for HAL_ADC_Init
    main.o(i.MX_ADC3_Init) refers to stm32f4xx_hal_adc.o(i.HAL_ADC_ConfigChannel) for HAL_ADC_ConfigChannel
    main.o(i.MX_ADC3_Init) refers to stm32f4xx_hal_adc.o(i.HAL_ADC_Start_DMA) for HAL_ADC_Start_DMA
    main.o(i.MX_ADC3_Init) refers to main.o(.bss) for .bss
    main.o(i.MX_GPIO_Init) refers to rt_memclr_w.o(.text) for __aeabi_memclr4
    main.o(i.MX_GPIO_Init) refers to stm32f4xx_hal_gpio.o(i.HAL_GPIO_WritePin) for HAL_GPIO_WritePin
    main.o(i.MX_GPIO_Init) refers to stm32f4xx_hal_gpio.o(i.HAL_GPIO_Init) for HAL_GPIO_Init
    main.o(i.MX_GPIO_Init) refers to stm32f4xx_hal_cortex.o(i.HAL_NVIC_SetPriority) for HAL_NVIC_SetPriority
    main.o(i.MX_GPIO_Init) refers to stm32f4xx_hal_cortex.o(i.HAL_NVIC_EnableIRQ) for HAL_NVIC_EnableIRQ
    main.o(i.MX_TIM3_Init) refers to rt_memclr_w.o(.text) for __aeabi_memclr4
    main.o(i.MX_TIM3_Init) refers to stm32f4xx_hal_tim.o(i.HAL_TIM_Base_Init) for HAL_TIM_Base_Init
    main.o(i.MX_TIM3_Init) refers to stm32f4xx_hal_tim.o(i.HAL_TIM_ConfigClockSource) for HAL_TIM_ConfigClockSource
    main.o(i.MX_TIM3_Init) refers to stm32f4xx_hal_tim.o(i.HAL_TIM_PWM_Init) for HAL_TIM_PWM_Init
    main.o(i.MX_TIM3_Init) refers to stm32f4xx_hal_tim.o(i.HAL_TIM_OnePulse_Init) for HAL_TIM_OnePulse_Init
    main.o(i.MX_TIM3_Init) refers to stm32f4xx_hal_tim_ex.o(i.HAL_TIMEx_MasterConfigSynchronization) for HAL_TIMEx_MasterConfigSynchronization
    main.o(i.MX_TIM3_Init) refers to stm32f4xx_hal_tim.o(i.HAL_TIM_PWM_ConfigChannel) for HAL_TIM_PWM_ConfigChannel
    main.o(i.MX_TIM3_Init) refers to stm32f4xx_hal_tim.o(i.TIM_CCxChannelCmd) for TIM_CCxChannelCmd
    main.o(i.MX_TIM3_Init) refers to stm32f4xx_hal_msp.o(i.HAL_TIM_MspPostInit) for HAL_TIM_MspPostInit
    main.o(i.MX_TIM3_Init) refers to main.o(.bss) for .bss
    main.o(i.MX_TIM4_Init) refers to rt_memclr_w.o(.text) for __aeabi_memclr4
    main.o(i.MX_TIM4_Init) refers to stm32f4xx_hal_tim.o(i.HAL_TIM_Base_Init) for HAL_TIM_Base_Init
    main.o(i.MX_TIM4_Init) refers to stm32f4xx_hal_tim.o(i.HAL_TIM_ConfigClockSource) for HAL_TIM_ConfigClockSource
    main.o(i.MX_TIM4_Init) refers to stm32f4xx_hal_tim.o(i.HAL_TIM_PWM_Init) for HAL_TIM_PWM_Init
    main.o(i.MX_TIM4_Init) refers to stm32f4xx_hal_tim.o(i.HAL_TIM_OnePulse_Init) for HAL_TIM_OnePulse_Init
    main.o(i.MX_TIM4_Init) refers to stm32f4xx_hal_tim_ex.o(i.HAL_TIMEx_MasterConfigSynchronization) for HAL_TIMEx_MasterConfigSynchronization
[...]
    ..\Drivers\STM32F4xx_HAL_Driver\Src\stm32f4xx_hal_pwr.c 0x00000000   Number         0  stm32f4xx_hal_pwr.o ABSOLUTE
    ..\Drivers\STM32F4xx_HAL_Driver\Src\stm32f4xx_hal_pwr_ex.c 0x00000000   Number         0  stm32f4xx_hal_pwr_ex.o ABSOLUTE
    ..\Drivers\STM32F4xx_HAL_Driver\Src\stm32f4xx_hal_rcc.c 0x00000000   Number         0  stm32f4xx_hal_rcc.o ABSOLUTE
    ..\Drivers\STM32F4xx_HAL_Driver\Src\stm32f4xx_hal_rcc_ex.c 0x00000000   Number         0  stm32f4xx_hal_rcc_ex.o ABSOLUTE
    ..\Drivers\STM32F4xx_HAL_Driver\Src\stm32f4xx_hal_tim.c 0x00000000   Number         0  stm32f4xx_hal_tim.o ABSOLUTE
    ..\Drivers\STM32F4xx_HAL_Driver\Src\stm32f4xx_hal_tim_ex.c 0x00000000   Number         0  stm32f4xx_hal_tim_ex.o ABSOLUTE
    ..\Drivers\STM32F4xx_HAL_Driver\Src\stm32f4xx_hal_uart.c 0x00000000   Number         0  stm32f4xx_hal_uart.o ABSOLUTE
    dc.s                                     0x00000000   Number         0  dc.o ABSOLUTE
    startup_stm32f446xx.s                    0x00000000   Number         0  startup_stm32f446xx.o ABSOLUTE
    RESET                                    0x08000000   Section      452  startup_stm32f446xx.o(RESET)
    !!!main                                  0x080001c4   Section        8  __main.o(!!!main)
    !!!scatter                               0x080001cc   Section       52  __scatter.o(!!!scatter)
    !!dczerorl2                              0x08000200   Section       90  __dczerorl2.o(!!dczerorl2)
    !!handler_zi                             0x0800025c   Section       28  __scatter_zi.o(!!handler_zi)
    .ARM.Collect$$libinit$$00000000          0x08000278   Section        2  libinit.o(.ARM.Collect$$libinit$$00000000)
    .ARM.Collect$$libinit$$00000001          0x0800027a   Section        4  libinit2.o(.ARM.Collect$$libinit$$00000001)
    .ARM.Collect$$libinit$$00000004          0x0800027e   Section        0  libinit2.o(.ARM.Collect$$libinit$$00000004)
    .ARM.Collect$$libinit$$0000000A          0x0800027e   Section        0  libinit2.o(.ARM.Collect$$libinit$$0000000A)
    .ARM.Collect$$libinit$$0000000C          0x0800027e   Section        0  libinit2.o(.ARM.Collect$$libinit$$0000000C)
    .ARM.Collect$$libinit$$0000000E          0x0800027e   Section        0  libinit2.o(.ARM.Collect$$libinit$$0000000E)
    .ARM.Collect$$libinit$$00000011          0x0800027e   Section        0  libinit2.o(.ARM.Collect$$libinit$$00000011)
    .ARM.Collect$$libinit$$00000013          0x0800027e   Section        0  libinit2.o(.ARM.Collect$$libinit$$00000013)
    .ARM.Collect$$libinit$$00000015          0x0800027e   Section        0  libinit2.o(.ARM.Collect$$libinit$$00000015)
    .ARM.Collect$$libinit$$00000017          0x0800027e   Section        0  libinit2.o(.ARM.Collect$$libinit$$00000017)
    .ARM.Collect$$libinit$$00000019          0x0800027e   Section        0  libinit2.o(.ARM.Collect$$libinit$$00000019)
    .ARM.Collect$$libinit$$0000001B          0x0800027e   Section        0  libinit2.o(.ARM.Collect$$libinit$$0000001B)
    .ARM.Collect$$libinit$$0000001D          0x0800027e   Section        0  libinit2.o(.ARM.Collect$$libinit$$0000001D)
    .ARM.Collect$$libinit$$0000001F          0x0800027e   Section        0  libinit2.o(.ARM.Collect$$libinit$$0000001F)
    .ARM.Collect$$libinit$$00000021          0x0800027e   Section        0  libinit2.o(.ARM.Collect$$libinit$$00000021)
    .ARM.Collect$$libinit$$00000023          0x0800027e   Section        0  libinit2.o(.ARM.Collect$$libinit$$00000023)
    .ARM.Collect$$libinit$$00000025          0x0800027e   Section        0  libinit2.o(.ARM.Collect$$libinit$$00000025)
    .ARM.Collect$$libinit$$0000002C          0x0800027e   Section        0  libinit2.o(.ARM.Collect$$libinit$$0000002C)
    .ARM.Collect$$libinit$$0000002E          0x0800027e   Section        0  libinit2.o(.ARM.Collect$$libinit$$0000002E)
    .ARM.Collect$$libinit$$00000030          0x0800027e   Section        0  libinit2.o(.ARM.Collect$$libinit$$00000030)
    .ARM.Collect$$libinit$$00000032          0x0800027e   Section        0  libinit2.o(.ARM.Collect$$libinit$$00000032)
    .ARM.Collect$$libinit$$00000033          0x0800027e   Section        2  libinit2.o(.ARM.Collect$$libinit$$00000033)
    .ARM.Collect$$libshutdown$$00000000      0x08000280   Section        2  libshutdown.o(.ARM.Collect$$libshutdown$$00000000)
    .ARM.Collect$$libshutdown$$00000002      0x08000282   Section        0  libshutdown2.o(.ARM.Collect$$libshutdown$$00000002)
    .ARM.Collect$$libshutdown$$00000004      0x08000282   Section        0  libshutdown2.o(.ARM.Collect$$libshutdown$$00000004)
    .ARM.Collect$$libshutdown$$00000007      0x08000282   Section        0  libshutdown2.o(.ARM.Collect$$libshutdown$$00000007)
    .ARM.Collect$$libshutdown$$0000000A      0x08000282   Section        0  libshutdown2.o(.ARM.Collect$$libshutdown$$0000000A)
    .ARM.Collect$$libshutdown$$0000000C      0x08000282   Section        0  libshutdown2.o(.ARM.Collect$$libshutdown$$0000000C)
    .ARM.Collect$$libshutdown$$0000000F      0x08000282   Section        0  libshutdown2.o(.ARM.Collect$$libshutdown$$0000000F)
    .ARM.Collect$$libshutdown$$00000010      0x08000282   Section        2  libshutdown2.o(.ARM.Collect$$libshutdown$$00000010)
    .ARM.Collect$$rtentry$$00000000          0x08000284   Section        0  __rtentry.o(.ARM.Collect$$rtentry$$00000000)
    .ARM.Collect$$rtentry$$00000002          0x08000284   Section        0  __rtentry2.o(.ARM.Collect$$rtentry$$00000002)
    .ARM.Collect$$rtentry$$00000004          0x08000284   Section        6  __rtentry4.o(.ARM.Collect$$rtentry$$00000004)
    .ARM.Collect$$rtentry$$00000009          0x0800028a   Section        0  __rtentry2.o(.ARM.Collect$$rtentry$$00000009)
    .ARM.Collect$$rtentry$$0000000A          0x0800028a   Section        4  __rtentry2.o(.ARM.Collect$$rtentry$$0000000A)
    .ARM.Collect$$rtentry$$0000000C          0x0800028e   Section        0  __rtentry2.o(.ARM.Collect$$rtentry$$0000000C)
    .ARM.Collect$$rtentry$$0000000D          0x0800028e   Section        8  __rtentry2.o(.ARM.Collect$$rtentry$$0000000D)
    .ARM.Collect$$rtexit$$00000000           0x08000296   Section        2  rtexit.o(.ARM.Collect$$rtexit$$00000000)
    .ARM.Collect$$rtexit$$00000002           0x08000298   Section        0  rtexit2.o(.ARM.Collect$$rtexit$$00000002)
    .ARM.Collect$$rtexit$$00000003           0x08000298   Section        4  rtexit2.o(.ARM.Collect$$rtexit$$00000003)
    .ARM.Collect$$rtexit$$00000004           0x0800029c   Section        6  rtexit2.o(.ARM.Collect$$rtexit$$00000004)
    .text                                    0x080002a4   Section       64  startup_stm32f446xx.o(.text)
    $v0                                      0x080002a4   Number         0  startup_stm32f446xx.o(.text)
    .text                                    0x080002e4   Section      238  lludivv7m.o(.text)
    .text                                    0x080003d2   Section       78  rt_memclr_w.o(.text)
    .text                                    0x08000420   Section        0  heapauxi.o(.text)
    .text                                    0x08000426   Section       74  sys_stackheap_outer.o(.text)
    .text                                    0x08000470   Section        0  exit.o(.text)
    .text                                    0x08000484   Section        8  libspace.o(.text)
    .text                                    0x0800048c   Section        0  sys_exit.o(.text)
    .text                                    0x08000498   Section        2  use_no_semi.o(.text)
    .text                                    0x0800049a   Section        0  indicate_semi.o(.text)
    i.ADC_DMAConvCplt                        0x0800049a   Section        0  stm32f4xx_hal_adc.o(i.ADC_DMAConvCplt)
    ADC_DMAConvCplt                          0x0800049b   Thumb Code   110  stm32f4xx_hal_adc.o(i.ADC_DMAConvCplt)
    i.ADC_DMAError                           0x08000508   Section        0  stm32f4xx_hal_adc.o(i.ADC_DMAError)
    ADC_DMAError                             0x08000509   Thumb Code    22  stm32f4xx_hal_adc.o(i.ADC_DMAError)
    i.ADC_DMAHalfConvCplt                    0x0800051e   Section        0  stm32f4xx_hal_adc.o(i.ADC_DMAHalfConvCplt)
    ADC_DMAHalfConvCplt                      0x0800051f   Thumb Code    10  stm32f4xx_hal_adc.o(i.ADC_DMAHalfConvCplt)
    i.ADC_Init                               0x08000528   Section        0  stm32f4xx_hal_adc.o(i.ADC_Init)
    ADC_Init                                 0x08000529   Thumb Code   284  stm32f4xx_hal_adc.o(i.ADC_Init)
    i.BusFault_Handler                       0x08000650   Section        0  stm32f4xx_it.o(i.BusFault_Handler)
    i.DMA2_Stream0_IRQHandler                0x08000654   Section        0  stm32f4xx_it.o(i.DMA2_Stream0_IRQHandler)
    i.DMA_CalcBaseAndBitshift                0x08000660   Section        0  stm32f4xx_hal_dma.o(i.DMA_CalcBaseAndBitshift)
    DMA_CalcBaseAndBitshift                  0x08000661   Thumb Code    34  stm32f4xx_hal_dma.o(i.DMA_CalcBaseAndBitshift)
    i.DMA_CheckFifoParam                     0x08000688   Section        0  stm32f4xx_hal_dma.o(i.DMA_CheckFifoParam)
    DMA_CheckFifoParam                       0x08000689   Thumb Code    84  stm32f4xx_hal_dma.o(i.DMA_CheckFifoParam)
    i.DMA_SetConfig                          0x080006dc   Section        0  stm32f4xx_hal_dma.o(i.DMA_SetConfig)
    DMA_SetConfig                            0x080006dd   Thumb Code    40  stm32f4xx_hal_dma.o(i.DMA_SetConfig)
    i.DebugMon_Handler                       0x08000704   Section        0  stm32f4xx_it.o(i.DebugMon_Handler)
    i.EXTI0_IRQHandler                       0x08000708   Section        0  stm32f4xx_it.o(i.EXTI0_IRQHandler)
    i.EXTI1_IRQHandler                       0x0800077c   Section        0  stm32f4xx_it.o(i.EXTI1_IRQHandler)
    i.Error_Handler                          0x080007ec   Section        0  main.o(i.Error_Handler)
    i.HAL_ADC_ConfigChannel                  0x080007f0   Section        0  stm32f4xx_hal_adc.o(i.HAL_ADC_ConfigChannel)
    i.HAL_ADC_ConvCpltCallback               0x08000954   Section        0  main.o(i.HAL_ADC_ConvCpltCallback)
    i.HAL_ADC_ConvHalfCpltCallback           0x08000956   Section        0  stm32f4xx_hal_adc.o(i.HAL_ADC_ConvHalfCpltCallback)
    i.HAL_ADC_ErrorCallback                  0x08000958   Section        0  stm32f4xx_hal_adc.o(i.HAL_ADC_ErrorCallback)
    i.HAL_ADC_Init                           0x0800095a   Section        0  stm32f4xx_hal_adc.o(i.HAL_ADC_Init)
    i.HAL_ADC_MspInit                        0x080009b0   Section        0  stm32f4xx_hal_msp.o(i.HAL_ADC_MspInit)
    i.HAL_ADC_Start_DMA                      0x08000a6c   Section        0  stm32f4xx_hal_adc.o(i.HAL_ADC_Start_DMA)
    i.HAL_DMA_Abort                          0x08000bc0   Section        0  stm32f4xx_hal_dma.o(i.HAL_DMA_Abort)
    i.HAL_DMA_Abort_IT                       0x08000c52   Section        0  stm32f4xx_hal_dma.o(i.HAL_DMA_Abort_IT)
    i.HAL_DMA_IRQHandler                     0x08000c78   Section        0  stm32f4xx_hal_dma.o(i.HAL_DMA_IRQHandler)
    i.HAL_DMA_Init                           0x08000e18   Section        0  stm32f4xx_hal_dma.o(i.HAL_DMA_Init)
    i.HAL_DMA_Start_IT                       0x08000eec   Section        0  stm32f4xx_hal_dma.o(i.HAL_DMA_Start_IT)
    i.HAL_GPIO_EXTI_Callback                 0x08000f5a   Section        0  stm32f4xx_hal_gpio.o(i.HAL_GPIO_EXTI_Callback)
    i.HAL_GPIO_EXTI_IRQHandler               0x08000f5c   Section        0  stm32f4xx_hal_gpio.o(i.HAL_GPIO_EXTI_IRQHandler)
    i.HAL_GPIO_Init                          0x08000f74   Section        0  stm32f4xx_hal_gpio.o(i.HAL_GPIO_Init)
    i.HAL_GPIO_WritePin                      0x08001150   Section        0  stm32f4xx_hal_gpio.o(i.HAL_GPIO_WritePin)
    i.HAL_GetTick                            0x0800115c   Section        0  stm32f4xx_hal.o(i.HAL_GetTick)
    i.HAL_IncTick                            0x08001168   Section        0  stm32f4xx_hal.o(i.HAL_IncTick)
    i.HAL_Init                               0x08001178   Section        0  stm32f4xx_hal.o(i.HAL_Init)
    i.HAL_InitTick                           0x080011ac   Section        0  stm32f4xx_hal.o(i.HAL_InitTick)
    i.HAL_MspInit                            0x080011ec   Section        0  stm32f4xx_hal_msp.o(i.HAL_MspInit)
    i.HAL_NVIC_EnableIRQ                     0x0800121c   Section        0  stm32f4xx_hal_cortex.o(i.HAL_NVIC_EnableIRQ)
    i.HAL_NVIC_SetPriority                   0x08001238   Section        0  stm32f4xx_hal_cortex.o(i.HAL_NVIC_SetPriority)
    i.HAL_NVIC_SetPriorityGrouping           0x08001278   Section        0  stm32f4xx_hal_cortex.o(i.HAL_NVIC_SetPriorityGrouping)
    i.HAL_PWREx_EnableOverDrive              0x0800129c   Section        0  stm32f4xx_hal_pwr_ex.o(i.HAL_PWREx_EnableOverDrive)
    i.HAL_RCC_ClockConfig                    0x0800130c   Section        0  stm32f4xx_hal_rcc.o(i.HAL_RCC_ClockConfig)
    i.HAL_RCC_GetPCLK1Freq                   0x08001440   Section        0  stm32f4xx_hal_rcc.o(i.HAL_RCC_GetPCLK1Freq)
    i.HAL_RCC_GetPCLK2Freq                   0x08001460   Section        0  stm32f4xx_hal_rcc.o(i.HAL_RCC_GetPCLK2Freq)
    i.HAL_RCC_GetSysClockFreq                0x08001480   Section        0  stm32f4xx_hal_rcc_ex.o(i.HAL_RCC_GetSysClockFreq)
    i.HAL_RCC_OscConfig                      0x08001518   Section        0  stm32f4xx_hal_rcc_ex.o(i.HAL_RCC_OscConfig)
    i.HAL_SYSTICK_Config                     0x080018b0   Section        0  stm32f4xx_hal_cortex.o(i.HAL_SYSTICK_Config)
    i.HAL_TIMEx_MasterConfigSynchronization  0x080018d8   Section        0  stm32f4xx_hal_tim_ex.o(i.HAL_TIMEx_MasterConfigSynchronization)
    i.HAL_TIM_Base_Init                      0x08001968   Section        0  stm32f4xx_hal_tim.o(i.HAL_TIM_Base_Init)
    i.HAL_TIM_Base_MspInit                   0x080019c4   Section        0  stm32f4xx_hal_msp.o(i.HAL_TIM_Base_MspInit)
    i.HAL_TIM_Base_Start                     0x08001a20   Section        0  stm32f4xx_hal_tim.o(i.HAL_TIM_Base_Start)
    i.HAL_TIM_ConfigClockSource              0x08001a98   Section        0  stm32f4xx_hal_tim.o(i.HAL_TIM_ConfigClockSource)
    i.HAL_TIM_MspPostInit                    0x08001b74   Section        0  stm32f4xx_hal_msp.o(i.HAL_TIM_MspPostInit)
    i.HAL_TIM_OnePulse_Init                  0x08001bf0   Section        0  stm32f4xx_hal_tim.o(i.HAL_TIM_OnePulse_Init)
    i.HAL_TIM_OnePulse_MspInit               0x08001c46   Section        0  stm32f4xx_hal_tim.o(i.HAL_TIM_OnePulse_MspInit)
    i.HAL_TIM_PWM_ConfigChannel              0x08001c48   Section        0  stm32f4xx_hal_tim.o(i.HAL_TIM_PWM_ConfigChannel)
    i.HAL_TIM_PWM_Init                       0x08001d14   Section        0  stm32f4xx_hal_tim.o(i.HAL_TIM_PWM_Init)
    i.HAL_TIM_PWM_MspInit                    0x08001d6e   Section        0  stm32f4xx_hal_tim.o(i.HAL_TIM_PWM_MspInit)
    i.HAL_UARTEx_RxEventCallback             0x08001d70   Section        0  stm32f4xx_hal_uart.o(i.HAL_UARTEx_RxEventCallback)
    i.HAL_UART_ErrorCallback                 0x08001d72   Section        0  stm32f4xx_hal_uart.o(i.HAL_UART_ErrorCallback)
    i.HAL_UART_IRQHandler                    0x08001d74   Section        0  stm32f4xx_hal_uart.o(i.HAL_UART_IRQHandler)
    i.HAL_UART_Init                          0x08001fdc   Section        0  stm32f4xx_hal_uart.o(i.HAL_UART_Init)
    i.HAL_UART_MspInit                       0x08002040   Section        0  stm32f4xx_hal_msp.o(i.HAL_UART_MspInit)
    i.HAL_UART_RxCpltCallback                0x080020e4   Section        0  main.o(i.HAL_UART_RxCpltCallback)
    i.HAL_UART_Transmit                      0x08002104   Section        0  stm32f4xx_hal_uart.o(i.HAL_UART_Transmit)
    i.HAL_UART_TxCpltCallback                0x080021b6   Section        0  stm32f4xx_hal_uart.o(i.HAL_UART_TxCpltCallback)
    i.HardFault_Handler                      0x080021b8   Section        0  stm32f4xx_it.o(i.HardFault_Handler)
    i.MX_ADC3_Init                           0x080021bc   Section        0  main.o(i.MX_ADC3_Init)
    MX_ADC3_Init                             0x080021bd   Thumb Code   176  main.o(i.MX_ADC3_Init)
    i.MX_GPIO_Init                           0x0800227c   Section        0  main.o(i.MX_GPIO_Init)
    MX_GPIO_Init                             0x0800227d   Thumb Code   216  main.o(i.MX_GPIO_Init)
    i.MX_TIM3_Init                           0x08002360   Section        0  main.o(i.MX_TIM3_Init)
    MX_TIM3_Init                             0x08002361   Thumb Code   194  main.o(i.MX_TIM3_Init)
    i.MX_TIM4_Init                           0x0800242c   Section        0  main.o(i.MX_TIM4_Init)
    MX_TIM4_Init                             0x0800242d   Thumb Code   194  main.o(i.MX_TIM4_Init)
    i.MX_TIM5_Init                           0x080024f8   Section        0  main.o(i.MX_TIM5_Init)
    MX_TIM5_Init                             0x080024f9   Thumb Code    94  main.o(i.MX_TIM5_Init)
    i.MemManage_Handler                      0x08002560   Section        0  stm32f4xx_it.o(i.MemManage_Handler)
    i.NMI_Handler                            0x08002562   Section        0  stm32f4xx_it.o(i.NMI_Handler)
    i.PIDcalculations                        0x08002564   Section        0  main.o(i.PIDcalculations)
    PIDcalculations                          0x08002565   Thumb Code   144  main.o(i.PIDcalculations)
    i.PendSV_Handler                         0x080025f8   Section        0  stm32f4xx_it.o(i.PendSV_Handler)
    i.RPMmotorRamp                           0x080025fc   Section        0  main.o(i.RPMmotorRamp)
    RPMmotorRamp                             0x080025fd   Thumb Code   308  main.o(i.RPMmotorRamp)
    i.SVC_Handler                            0x08002748   Section        0  stm32f4xx_it.o(i.SVC_Handler)
    i.SysTick_Handler                        0x0800274a   Section        0  stm32f4xx_it.o(i.SysTick_Handler)
    i.SystemClock_Config                     0x08002750   Section        0  main.o(i.SystemClock_Config)
    i.SystemInit                             0x080027f0   Section        0  system_stm32f4xx.o(i.SystemInit)
    i.TIM_Base_SetConfig                     0x08002800   Section        0  stm32f4xx_hal_tim.o(i.TIM_Base_SetConfig)
    i.TIM_CCxChannelCmd                      0x080028c8   Section        0  stm32f4xx_hal_tim.o(i.TIM_CCxChannelCmd)
    i.TIM_ETR_SetConfig                      0x080028e2   Section        0  stm32f4xx_hal_tim.o(i.TIM_ETR_SetConfig)
    i.TIM_ITRx_SetConfig                     0x080028f6   Section        0  stm32f4xx_hal_tim.o(i.TIM_ITRx_SetConfig)
    TIM_ITRx_SetConfig                       0x080028f7   Thumb Code    16  stm32f4xx_hal_tim.o(i.TIM_ITRx_SetConfig)
    i.TIM_OC1_SetConfig                      0x08002908   Section        0  stm32f4xx_hal_tim.o(i.TIM_OC1_SetConfig)
    TIM_OC1_SetConfig                        0x08002909   Thumb Code    88  stm32f4xx_hal_tim.o(i.TIM_OC1_SetConfig)
    i.TIM_OC2_SetConfig                      0x08002968   Section        0  stm32f4xx_hal_tim.o(i.TIM_OC2_SetConfig)
    i.TIM_OC3_SetConfig                      0x080029d4   Section        0  stm32f4xx_hal_tim.o(i.TIM_OC3_SetConfig)
    TIM_OC3_SetConfig                        0x080029d5   Thumb Code    96  stm32f4xx_hal_tim.o(i.TIM_OC3_SetConfig)
    i.TIM_OC4_SetConfig                      0x08002a3c   Section        0  stm32f4xx_hal_tim.o(i.TIM_OC4_SetConfig)
    TIM_OC4_SetConfig                        0x08002a3d   Thumb Code    70  stm32f4xx_hal_tim.o(i.TIM_OC4_SetConfig)
    i.TIM_TI1_ConfigInputStage               0x08002a8c   Section        0  stm32f4xx_hal_tim.o(i.TIM_TI1_ConfigInputStage)
    TIM_TI1_ConfigInputStage                 0x08002a8d   Thumb Code    34  stm32f4xx_hal_tim.o(i.TIM_TI1_ConfigInputStage)
    i.TIM_TI2_ConfigInputStage               0x08002aae   Section        0  stm32f4xx_hal_tim.o(i.TIM_TI2_ConfigInputStage)
    TIM_TI2_ConfigInputStage                 0x08002aaf   Thumb Code    36  stm32f4xx_hal_tim.o(i.TIM_TI2_ConfigInputStage)
    i.UART5_IRQHandler                       0x08002ad4   Section        0  stm32f4xx_it.o(i.UART5_IRQHandler)
    i.UART_DMAAbortOnError                   0x08002ae0   Section        0  stm32f4xx_hal_uart.o(i.UART_DMAAbortOnError)
    UART_DMAAbortOnError                     0x08002ae1   Thumb Code    16  stm32f4xx_hal_uart.o(i.UART_DMAAbortOnError)
    i.UART_EndRxTransfer                     0x08002af0   Section        0  stm32f4xx_hal_uart.o(i.UART_EndRxTransfer)
    UART_EndRxTransfer                       0x08002af1   Thumb Code    78  stm32f4xx_hal_uart.o(i.UART_EndRxTransfer)
    i.UART_Receive_IT                        0x08002b3e   Section        0  stm32f4xx_hal_uart.o(i.UART_Receive_IT)
    UART_Receive_IT                          0x08002b3f   Thumb Code   192  stm32f4xx_hal_uart.o(i.UART_Receive_IT)
    i.UART_SetConfig                         0x08002c00   Section        0  stm32f4xx_hal_uart.o(i.UART_SetConfig)
    UART_SetConfig                           0x08002c01   Thumb Code   258  stm32f4xx_hal_uart.o(i.UART_SetConfig)
    i.UART_WaitOnFlagUntilTimeout            0x08002d0c   Section        0  stm32f4xx_hal_uart.o(i.UART_WaitOnFlagUntilTimeout)
    UART_WaitOnFlagUntilTimeout              0x08002d0d   Thumb Code   120  stm32f4xx_hal_uart.o(i.UART_WaitOnFlagUntilTimeout)
    i.UsageFault_Handler                     0x08002d84   Section        0  stm32f4xx_it.o(i.UsageFault_Handler)
    i.__NVIC_SetPriority                     0x08002d86   Section        0  stm32f4xx_hal_cortex.o(i.__NVIC_SetPriority)
    __NVIC_SetPriority                       0x08002d87   Thumb Code    32  stm32f4xx_hal_cortex.o(i.__NVIC_SetPriority)
    i.analogShifter                          0x08002da8   Section        0  main.o(i.analogShifter)
    analogShifter                            0x08002da9   Thumb Code   240  main.o(i.analogShifter)
    i.dataSelector                           0x08002ea0   Section        0  main.o(i.dataSelector)
    dataSelector                             0x08002ea1   Thumb Code   184  main.o(i.dataSelector)
    i.main                                   0x08002f6c   Section        0  main.o(i.main)
    i.motorCalculations                      0x080030b4   Section        0  main.o(i.motorCalculations)
    motorCalculations                        0x080030b5   Thumb Code   276  main.o(i.motorCalculations)
    i.motorEnableSafe                        0x080031e8   Section        0  main.o(i.motorEnableSafe)
    motorEnableSafe                          0x080031e9   Thumb Code   152  main.o(i.motorEnableSafe)
    i.motorRunningState                      0x08003294   Section        0  main.o(i.motorRunningState)
    motorRunningState                        0x08003295   Thumb Code   100  main.o(i.motorRunningState)
    i.motorStartup                           0x08003300   Section        0  main.o(i.motorStartup)
    motorStartup                             0x08003301   Thumb Code   190  main.o(i.motorStartup)
    i.rpmShifter                             0x080033d4   Section        0  main.o(i.rpmShifter)
    rpmShifter                               0x080033d5   Thumb Code   280  main.o(i.rpmShifter)
    i.rxDataProcessing                       0x080034f8   Section        0  main.o(i.rxDataProcessing)
    rxDataProcessing                         0x080034f9   Thumb Code   542  main.o(i.rxDataProcessing)
    x$fpl$d2f                                0x0800372c   Section       98  d2f.o(x$fpl$d2f)
    $v0                                      0x0800372c   Number         0  d2f.o(x$fpl$d2f)
    x$fpl$dcmpinf                            0x0800378e   Section       24  dcmpi.o(x$fpl$dcmpinf)
    $v0                                      0x0800378e   Number         0  dcmpi.o(x$fpl$dcmpinf)
    x$fpl$ddiv                               0x080037a8   Section      688  ddiv.o(x$fpl$ddiv)
    $v0                                      0x080037a8   Number         0  ddiv.o(x$fpl$ddiv)
    ddiv_entry                               0x080037af   Thumb Code     0  ddiv.o(x$fpl$ddiv)
    x$fpl$dfixu                              0x08003a58   Section       90  dfixu.o(x$fpl$dfixu)
    $v0                                      0x08003a58   Number         0  dfixu.o(x$fpl$dfixu)
    x$fpl$dleqf                              0x08003ab4   Section      120  dleqf.o(x$fpl$dleqf)
    $v0                                      0x08003ab4   Number         0  dleqf.o(x$fpl$dleqf)
    x$fpl$dmul                               0x08003b2c   Section      340  dmul.o(x$fpl$dmul)
    $v0                                      0x08003b2c   Number         0  dmul.o(x$fpl$dmul)
    x$fpl$dnaninf                            0x08003c80   Section      156  dnaninf.o(x$fpl$dnaninf)
    $v0                                      0x08003c80   Number         0  dnaninf.o(x$fpl$dnaninf)
    x$fpl$dretinf                            0x08003d1c   Section       12  dretinf.o(x$fpl$dretinf)
    $v0                                      0x08003d1c   Number         0  dretinf.o(x$fpl$dretinf)
    x$fpl$drleqf                             0x08003d28   Section      108  drleqf.o(x$fpl$drleqf)
    $v0                                      0x08003d28   Number         0  drleqf.o(x$fpl$drleqf)
    x$fpl$f2d                                0x08003d94   Section       86  f2d.o(x$fpl$f2d)
    $v0                                      0x08003d94   Number         0  f2d.o(x$fpl$f2d)
    x$fpl$fnaninf                            0x08003dea   Section      140  fnaninf.o(x$fpl$fnaninf)
    $v0                                      0x08003dea   Number         0  fnaninf.o(x$fpl$fnaninf)
    x$fpl$fpinit                             0x08003e76   Section       10  fpinit.o(x$fpl$fpinit)
    $v0                                      0x08003e76   Number         0  fpinit.o(x$fpl$fpinit)
    x$fpl$fretinf                            0x08003e80   Section       10  fretinf.o(x$fpl$fretinf)
    $v0                                      0x08003e80   Number         0  fretinf.o(x$fpl$fretinf)
    .constdata                               0x08003e8a   Section        8  stm32f4xx_hal_dma.o(.constdata)
    x$fpl$usenofp                            0x08003e8a   Section        0  usenofp.o(x$fpl$usenofp)
    flagBitshiftOffset                       0x08003e8a   Data           8  stm32f4xx_hal_dma.o(.constdata)
    .constdata                               0x08003e92   Section       16  system_stm32f4xx.o(.constdata)
    .constdata                               0x08003ea2   Section        8  system_stm32f4xx.o(.constdata)
    .data                                    0x20000000   Section      300  main.o(.data)
    .data                                    0x2000012c   Section       12  stm32f4xx_hal.o(.data)
    .data                                    0x20000138   Section        4  system_stm32f4xx.o(.data)
    .bss                                     0x2000013c   Section     1028  main.o(.bss)
    .bss                                     0x20000540   Section       96  main.o(.bss)
    .bss                                     0x200005a0   Section       96  libspace.o(.bss)
    HEAP                                     0x20000600   Section      512  startup_stm32f446xx.o(HEAP)
    Heap_Mem                                 0x20000600   Data         512  startup_stm32f446xx.o(HEAP)
    STACK                                    0x20000800   Section     1024  startup_stm32f446xx.o(STACK)
    Stack_Mem                                0x20000800   Data        1024  startup_stm32f446xx.o(STACK)
    __initial_sp                             0x20000c00   Data           0  startup_stm32f446xx.o(STACK)

    Global Symbols

    Symbol Name                              Value     Ov Type        Size  Object(Section)

    BuildAttributes$$THM_ISAv4$E$P$D$K$B$S$7EM$VFPi3$EXTD16$VFPS$VFMA$PE$A:L22UL41UL21$X:L11$S22US41US21$IEEE1$IW$USESV6$~STKCKD$USESV7$~SHL$OSPACE$ROPI$EBA8$UX$STANDARDLIB$REQ8$PRES8$EABIv2 0x00000000   Number         0  anon$$obj.o ABSOLUTE
    __ARM_use_no_argv                        0x00000000   Number         0  main.o ABSOLUTE
    __ARM_exceptions_init                     - Undefined Weak Reference
    __alloca_initialize                       - Undefined Weak Reference
    __arm_preinit_                            - Undefined Weak Reference
    __cpp_initialize__aeabi_                  - Undefined Weak Reference
    __cxa_finalize                            - Undefined Weak Reference
    __rt_locale                               - Undefined Weak Reference
    __sigvec_lookup                           - Undefined Weak Reference
    _atexit_init                              - Undefined Weak Reference
    _call_atexit_fns                          - Undefined Weak Reference
    _clock_init                               - Undefined Weak Reference
    _fp_trap_init                             - Undefined Weak Reference
    _fp_trap_shutdown                         - Undefined Weak Reference
    _get_lc_collate                           - Undefined Weak Reference
    _get_lc_ctype                             - Undefined Weak Reference
    _get_lc_monetary                          - Undefined Weak Reference
    _get_lc_numeric                           - Undefined Weak Reference
    _get_lc_time                              - Undefined Weak Reference
    _getenv_init                              - Undefined Weak Reference
    _handle_redirection                       - Undefined Weak Reference
    _init_alloc                               - Undefined Weak Reference
    _init_user_alloc                          - Undefined Weak Reference
    _initio                                   - Undefined Weak Reference
    _rand_init                                - Undefined Weak Reference
    _signal_finish                            - Undefined Weak Reference
    _signal_init                              - Undefined Weak Reference
    _terminate_alloc                          - Undefined Weak Reference
    _terminate_user_alloc                     - Undefined Weak Reference
    _terminateio                              - Undefined Weak Reference
    __Vectors_Size                           0x000001c4   Number         0  startup_stm32f446xx.o ABSOLUTE
    __Vectors                                0x08000000   Data           4  startup_stm32f446xx.o(RESET)
    __Vectors_End                            0x080001c4   Data           0  startup_stm32f446xx.o(RESET)
    __main                                   0x080001c5   Thumb Code     8  __main.o(!!!main)
    __scatterload                            0x080001cd   Thumb Code     0  __scatter.o(!!!scatter)
    __scatterload_rt2                        0x080001cd   Thumb Code    44  __scatter.o(!!!scatter)
    __scatterload_rt2_thumb_only             0x080001cd   Thumb Code     0  __scatter.o(!!!scatter)
    __scatterload_null                       0x080001db   Thumb Code     0  __scatter.o(!!!scatter)
    __decompress                             0x08000201   Thumb Code    90  __dczerorl2.o(!!dczerorl2)
    __decompress1                            0x08000201   Thumb Code     0  __dczerorl2.o(!!dczerorl2)
    __scatterload_zeroinit                   0x0800025d   Thumb Code    28  __scatter_zi.o(!!handler_zi)
    __rt_lib_init                            0x08000279   Thumb Code     0  libinit.o(.ARM.Collect$$libinit$$00000000)
    __rt_lib_init_fp_1                       0x0800027b   Thumb Code     0  libinit2.o(.ARM.Collect$$libinit$$00000001)
    __rt_lib_init_alloca_1                   0x0800027f   Thumb Code     0  libinit2.o(.ARM.Collect$$libinit$$0000002E)
    __rt_lib_init_argv_1                     0x0800027f   Thumb Code     0  libinit2.o(.ARM.Collect$$libinit$$0000002C)
    __rt_lib_init_atexit_1                   0x0800027f   Thumb Code     0  libinit2.o(.ARM.Collect$$libinit$$0000001B)
    __rt_lib_init_clock_1                    0x0800027f   Thumb Code     0  libinit2.o(.ARM.Collect$$libinit$$00000021)
    __rt_lib_init_cpp_1                      0x0800027f   Thumb Code     0  libinit2.o(.ARM.Collect$$libinit$$00000032)
    __rt_lib_init_exceptions_1               0x0800027f   Thumb Code     0  libinit2.o(.ARM.Collect$$libinit$$00000030)
    __rt_lib_init_fp_trap_1                  0x0800027f   Thumb Code     0  libinit2.o(.ARM.Collect$$libinit$$0000001F)
    __rt_lib_init_getenv_1                   0x0800027f   Thumb Code     0  libinit2.o(.ARM.Collect$$libinit$$00000023)
    __rt_lib_init_heap_1                     0x0800027f   Thumb Code     0  libinit2.o(.ARM.Collect$$libinit$$0000000A)
    __rt_lib_init_lc_collate_1               0x0800027f   Thumb Code     0  libinit2.o(.ARM.Collect$$libinit$$00000011)
    __rt_lib_init_lc_ctype_1                 0x0800027f   Thumb Code     0  libinit2.o(.ARM.Collect$$libinit$$00000013)
    __rt_lib_init_lc_monetary_1              0x0800027f   Thumb Code     0  libinit2.o(.ARM.Collect$$libinit$$00000015)
    __rt_lib_init_lc_numeric_1               0x0800027f   Thumb Code     0  libinit2.o(.ARM.Collect$$libinit$$00000017)
    __rt_lib_init_lc_time_1                  0x0800027f   Thumb Code     0  libinit2.o(.ARM.Collect$$libinit$$00000019)
    __rt_lib_init_preinit_1                  0x0800027f   Thumb Code     0  libinit2.o(.ARM.Collect$$libinit$$00000004)
    __rt_lib_init_rand_1                     0x0800027f   Thumb Code     0  libinit2.o(.ARM.Collect$$libinit$$0000000E)
    __rt_lib_init_return                     0x0800027f   Thumb Code     0  libinit2.o(.ARM.Collect$$libinit$$00000033)
    __rt_lib_init_signal_1                   0x0800027f   Thumb Code     0  libinit2.o(.ARM.Collect$$libinit$$0000001D)
    __rt_lib_init_stdio_1                    0x0800027f   Thumb Code     0  libinit2.o(.ARM.Collect$$libinit$$00000025)
    __rt_lib_init_user_alloc_1               0x0800027f   Thumb Code     0  libinit2.o(.ARM.Collect$$libinit$$0000000C)
    __rt_lib_shutdown                        0x08000281   Thumb Code     0  libshutdown.o(.ARM.Collect$$libshutdown$$00000000)
    __rt_lib_shutdown_cpp_1                  0x08000283   Thumb Code     0  libshutdown2.o(.ARM.Collect$$libshutdown$$00000002)
    __rt_lib_shutdown_fp_trap_1              0x08000283   Thumb Code     0  libshutdown2.o(.ARM.Collect$$libshutdown$$00000007)
    __rt_lib_shutdown_heap_1                 0x08000283   Thumb Code     0  libshutdown2.o(.ARM.Collect$$libshutdown$$0000000F)
    __rt_lib_shutdown_return                 0x08000283   Thumb Code     0  libshutdown2.o(.ARM.Collect$$libshutdown$$00000010)
    __rt_lib_shutdown_signal_1               0x08000283   Thumb Code     0  libshutdown2.o(.ARM.Collect$$libshutdown$$0000000A)
    __rt_lib_shutdown_stdio_1                0x08000283   Thumb Code     0  libshutdown2.o(.ARM.Collect$$libshutdown$$00000004)
    __rt_lib_shutdown_user_alloc_1           0x08000283   Thumb Code     0  libshutdown2.o(.ARM.Collect$$libshutdown$$0000000C)
    __rt_entry                               0x08000285   Thumb Code     0  __rtentry.o(.ARM.Collect$$rtentry$$00000000)
    __rt_entry_presh_1                       0x08000285   Thumb Code     0  __rtentry2.o(.ARM.Collect$$rtentry$$00000002)
    __rt_entry_sh                            0x08000285   Thumb Code     0  __rtentry4.o(.ARM.Collect$$rtentry$$00000004)
    __rt_entry_li                            0x0800028b   Thumb Code     0  __rtentry2.o(.ARM.Collect$$rtentry$$0000000A)
    __rt_entry_postsh_1                      0x0800028b   Thumb Code     0  __rtentry2.o(.ARM.Collect$$rtentry$$00000009)
    __rt_entry_main                          0x0800028f   Thumb Code     0  __rtentry2.o(.ARM.Collect$$rtentry$$0000000D)
    __rt_entry_postli_1                      0x0800028f   Thumb Code     0  __rtentry2.o(.ARM.Collect$$rtentry$$0000000C)
    __rt_exit                                0x08000297   Thumb Code     0  rtexit.o(.ARM.Collect$$rtexit$$00000000)
    __rt_exit_ls                             0x08000299   Thumb Code     0  rtexit2.o(.ARM.Collect$$rtexit$$00000003)
    __rt_exit_prels_1                        0x08000299   Thumb Code     0  rtexit2.o(.ARM.Collect$$rtexit$$00000002)
    __rt_exit_exit                           0x0800029d   Thumb Code     0  rtexit2.o(.ARM.Collect$$rtexit$$00000004)
    Reset_Handler                            0x080002a5   Thumb Code     8  startup_stm32f446xx.o(.text)
    ADC_IRQHandler                           0x080002bf   Thumb Code     0  startup_stm32f446xx.o(.text)
    CAN1_RX0_IRQHandler                      0x080002bf   Thumb Code     0  startup_stm32f446xx.o(.text)
    CAN1_RX1_IRQHandler                      0x080002bf   Thumb Code     0  startup_stm32f446xx.o(.text)
    CAN1_SCE_IRQHandler                      0x080002bf   Thumb Code     0  startup_stm32f446xx.o(.text)
    CAN1_TX_IRQHandler                       0x080002bf   Thumb Code     0  startup_stm32f446xx.o(.text)
    CAN2_RX0_IRQHandler                      0x080002bf   Thumb Code     0  startup_stm32f446xx.o(.text)
    CAN2_RX1_IRQHandler                      0x080002bf   Thumb Code     0  startup_stm32f446xx.o(.text)
    CAN2_SCE_IRQHandler                      0x080002bf   Thumb Code     0  startup_stm32f446xx.o(.text)
    CAN2_TX_IRQHandler                       0x080002bf   Thumb Code     0  startup_stm32f446xx.o(.text)
    CEC_IRQHandler                           0x080002bf   Thumb Code     0  startup_stm32f446xx.o(.text)
    DCMI_IRQHandler                          0x080002bf   Thumb Code     0  startup_stm32f446xx.o(.text)
    DMA1_Stream0_IRQHandler                  0x080002bf   Thumb Code     0  startup_stm32f446xx.o(.text)
    DMA1_Stream1_IRQHandler                  0x080002bf   Thumb Code     0  startup_stm32f446xx.o(.text)
    DMA1_Stream2_IRQHandler                  0x080002bf   Thumb Code     0  startup_stm32f446xx.o(.text)
    DMA1_Stream3_IRQHandler                  0x080002bf   Thumb Code     0  startup_stm32f446xx.o(.text)
    DMA1_Stream4_IRQHandler                  0x080002bf   Thumb Code     0  startup_stm32f446xx.o(.text)
    DMA1_Stream5_IRQHandler                  0x080002bf   Thumb Code     0  startup_stm32f446xx.o(.text)
    DMA1_Stream6_IRQHandler                  0x080002bf   Thumb Code     0  startup_stm32f446xx.o(.text)
    DMA1_Stream7_IRQHandler                  0x080002bf   Thumb Code     0  startup_stm32f446xx.o(.text)
    DMA2_Stream1_IRQHandler                  0x080002bf   Thumb Code     0  startup_stm32f446xx.o(.text)
    DMA2_Stream2_IRQHandler                  0x080002bf   Thumb Code     0  startup_stm32f446xx.o(.text)
    DMA2_Stream3_IRQHandler                  0x080002bf   Thumb Code     0  startup_stm32f446xx.o(.text)
    DMA2_Stream4_IRQHandler                  0x080002bf   Thumb Code     0  startup_stm32f446xx.o(.text)
    DMA2_Stream5_IRQHandler                  0x080002bf   Thumb Code     0  startup_stm32f446xx.o(.text)
    DMA2_Stream6_IRQHandler                  0x080002bf   Thumb Code     0  startup_stm32f446xx.o(.text)
    DMA2_Stream7_IRQHandler                  0x080002bf   Thumb Code     0  startup_stm32f446xx.o(.text)
    EXTI15_10_IRQHandler                     0x080002bf   Thumb Code     0  startup_stm32f446xx.o(.text)
    EXTI2_IRQHandler                         0x080002bf   Thumb Code     0  startup_stm32f446xx.o(.text)
    EXTI3_IRQHandler                         0x080002bf   Thumb Code     0  startup_stm32f446xx.o(.text)
    EXTI4_IRQHandler                         0x080002bf   Thumb Code     0  startup_stm32f446xx.o(.text)
    EXTI9_5_IRQHandler                       0x080002bf   Thumb Code     0  startup_stm32f446xx.o(.text)
    FLASH_IRQHandler                         0x080002bf   Thumb Code     0  startup_stm32f446xx.o(.text)
    FMC_IRQHandler                           0x080002bf   Thumb Code     0  startup_stm32f446xx.o(.text)
    FMPI2C1_ER_IRQHandler                    0x080002bf   Thumb Code     0  startup_stm32f446xx.o(.text)
    FMPI2C1_EV_IRQHandler                    0x080002bf   Thumb Code     0  startup_stm32f446xx.o(.text)
    FPU_IRQHandler                           0x080002bf   Thumb Code     0  startup_stm32f446xx.o(.text)
    I2C1_ER_IRQHandler                       0x080002bf   Thumb Code     0  startup_stm32f446xx.o(.text)
    I2C1_EV_IRQHandler                       0x080002bf   Thumb Code     0  startup_stm32f446xx.o(.text)
    I2C2_ER_IRQHandler                       0x080002bf   Thumb Code     0  startup_stm32f446xx.o(.text)
    I2C2_EV_IRQHandler                       0x080002bf   Thumb Code     0  startup_stm32f446xx.o(.text)
    I2C3_ER_IRQHandler                       0x080002bf   Thumb Code     0  startup_stm32f446xx.o(.text)
    I2C3_EV_IRQHandler                       0x080002bf   Thumb Code     0  startup_stm32f446xx.o(.text)
    OTG_FS_IRQHandler                        0x080002bf   Thumb Code     0  startup_stm32f446xx.o(.text)
    OTG_FS_WKUP_IRQHandler                   0x080002bf   Thumb Code     0  startup_stm32f446xx.o(.text)
    OTG_HS_EP1_IN_IRQHandler                 0x080002bf   Thumb Code     0  startup_stm32f446xx.o(.text)
    OTG_HS_EP1_OUT_IRQHandler                0x080002bf   Thumb Code     0  startup_stm32f446xx.o(.text)
    OTG_HS_IRQHandler                        0x080002bf   Thumb Code     0  startup_stm32f446xx.o(.text)
    OTG_HS_WKUP_IRQHandler                   0x080002bf   Thumb Code     0  startup_stm32f446xx.o(.text)
    PVD_IRQHandler                           0x080002bf   Thumb Code     0  startup_stm32f446xx.o(.text)
    QUADSPI_IRQHandler                       0x080002bf   Thumb Code     0  startup_stm32f446xx.o(.text)
    RCC_IRQHandler                           0x080002bf   Thumb Code     0  startup_stm32f446xx.o(.text)
    RTC_Alarm_IRQHandler                     0x080002bf   Thumb Code     0  startup_stm32f446xx.o(.text)
    RTC_WKUP_IRQHandler                      0x080002bf   Thumb Code     0  startup_stm32f446xx.o(.text)
    SAI1_IRQHandler                          0x080002bf   Thumb Code     0  startup_stm32f446xx.o(.text)
    SAI2_IRQHandler                          0x080002bf   Thumb Code     0  startup_stm32f446xx.o(.text)
    SDIO_IRQHandler                          0x080002bf   Thumb Code     0  startup_stm32f446xx.o(.text)
    SPDIF_RX_IRQHandler                      0x080002bf   Thumb Code     0  startup_stm32f446xx.o(.text)
    SPI1_IRQHandler                          0x080002bf   Thumb Code     0  startup_stm32f446xx.o(.text)
    SPI2_IRQHandler                          0x080002bf   Thumb Code     0  startup_stm32f446xx.o(.text)
    SPI3_IRQHandler                          0x080002bf   Thumb Code     0  startup_stm32f446xx.o(.text)
    SPI4_IRQHandler                          0x080002bf   Thumb Code     0  startup_stm32f446xx.o(.text)
    TAMP_STAMP_IRQHandler                    0x080002bf   Thumb Code     0  startup_stm32f446xx.o(.text)
    TIM1_BRK_TIM9_IRQHandler                 0x080002bf   Thumb Code     0  startup_stm32f446xx.o(.text)
    TIM1_CC_IRQHandler                       0x080002bf   Thumb Code     0  startup_stm32f446xx.o(.text)
    TIM1_TRG_COM_TIM11_IRQHandler            0x080002bf   Thumb Code     0  startup_stm32f446xx.o(.text)
    TIM1_UP_TIM10_IRQHandler                 0x080002bf   Thumb Code     0  startup_stm32f446xx.o(.text)
    TIM2_IRQHandler                          0x080002bf   Thumb Code     0  startup_stm32f446xx.o(.text)
    TIM3_IRQHandler                          0x080002bf   Thumb Code     0  startup_stm32f446xx.o(.text)
    TIM4_IRQHandler                          0x080002bf   Thumb Code     0  startup_stm32f446xx.o(.text)
    TIM5_IRQHandler                          0x080002bf   Thumb Code     0  startup_stm32f446xx.o(.text)
    TIM6_DAC_IRQHandler                      0x080002bf   Thumb Code     0  startup_stm32f446xx.o(.text)
    TIM7_IRQHandler                          0x080002bf   Thumb Code     0  startup_stm32f446xx.o(.text)
    TIM8_BRK_TIM12_IRQHandler                0x080002bf   Thumb Code     0  startup_stm32f446xx.o(.text)
    TIM8_CC_IRQHandler                       0x080002bf   Thumb Code     0  startup_stm32f446xx.o(.text)
    TIM8_TRG_COM_TIM14_IRQHandler            0x080002bf   Thumb Code     0  startup_stm32f446xx.o(.text)
    TIM8_UP_TIM13_IRQHandler                 0x080002bf   Thumb Code     0  startup_stm32f446xx.o(.text)
    UART4_IRQHandler                         0x080002bf   Thumb Code     0  startup_stm32f446xx.o(.text)
    USART1_IRQHandler                        0x080002bf   Thumb Code     0  startup_stm32f446xx.o(.text)
    USART2_IRQHandler                        0x080002bf   Thumb Code     0  startup_stm32f446xx.o(.text)
    USART3_IRQHandler                        0x080002bf   Thumb Code     0  startup_stm32f446xx.o(.text)
    USART6_IRQHandler                        0x080002bf   Thumb Code     0  startup_stm32f446xx.o(.text)
    WWDG_IRQHandler                          0x080002bf   Thumb Code     0  startup_stm32f446xx.o(.text)
    __user_initial_stackheap                 0x080002c1   Thumb Code     0  startup_stm32f446xx.o(.text)
    __aeabi_uldivmod                         0x080002e5   Thumb Code     0  lludivv7m.o(.text)
    _ll_udiv                                 0x080002e5   Thumb Code   238  lludivv7m.o(.text)
    __aeabi_memclr4                          0x080003d3   Thumb Code     0  rt_memclr_w.o(.text)
    __aeabi_memclr8                          0x080003d3   Thumb Code     0  rt_memclr_w.o(.text)
    __rt_memclr_w                            0x080003d3   Thumb Code    78  rt_memclr_w.o(.text)
    _memset_w                                0x080003d7   Thumb Code     0  rt_memclr_w.o(.text)
    __use_two_region_memory                  0x08000421   Thumb Code     2  heapauxi.o(.text)
    __rt_heap_escrow$2region                 0x08000423   Thumb Code     2  heapauxi.o(.text)
    __rt_heap_expand$2region                 0x08000425   Thumb Code     2  heapauxi.o(.text)
    __user_setup_stackheap                   0x08000427   Thumb Code    74  sys_stackheap_outer.o(.text)
    exit                                     0x08000471   Thumb Code    18  exit.o(.text)
    __user_libspace                          0x08000485   Thumb Code     8  libspace.o(.text)
    __user_perproc_libspace                  0x08000485   Thumb Code     0  libspace.o(.text)
    __user_perthread_libspace                0x08000485   Thumb Code     0  libspace.o(.text)
    _sys_exit                                0x0800048d   Thumb Code     8  sys_exit.o(.text)
    __I$use$semihosting                      0x08000499   Thumb Code     0  use_no_semi.o(.text)
    __use_no_semihosting_swi                 0x08000499   Thumb Code     2  use_no_semi.o(.text)
    __semihosting_library_function           0x0800049b   Thumb Code     0  indicate_semi.o(.text)
    BusFault_Handler                         0x08000651   Thumb Code     2  stm32f4xx_it.o(i.BusFault_Handler)
    DMA2_Stream0_IRQHandler                  0x08000655   Thumb Code     6  stm32f4xx_it.o(i.DMA2_Stream0_IRQHandler)
    DebugMon_Handler                         0x08000705   Thumb Code     2  stm32f4xx_it.o(i.DebugMon_Handler)
    EXTI0_IRQHandler                         0x08000709   Thumb Code    78  stm32f4xx_it.o(i.EXTI0_IRQHandler)
    EXTI1_IRQHandler                         0x0800077d   Thumb Code    74  stm32f4xx_it.o(i.EXTI1_IRQHandler)
    Error_Handler                            0x080007ed   Thumb Code     4  main.o(i.Error_Handler)
    HAL_ADC_ConfigChannel                    0x080007f1   Thumb Code   334  stm32f4xx_hal_adc.o(i.HAL_ADC_ConfigChannel)
    HAL_ADC_ConvCpltCallback                 0x08000955   Thumb Code     2  main.o(i.HAL_ADC_ConvCpltCallback)
    HAL_ADC_ConvHalfCpltCallback             0x08000957   Thumb Code     2  stm32f4xx_hal_adc.o(i.HAL_ADC_ConvHalfCpltCallback)
    HAL_ADC_ErrorCallback                    0x08000959   Thumb Code     2  stm32f4xx_hal_adc.o(i.HAL_ADC_ErrorCallback)
    HAL_ADC_Init                             0x0800095b   Thumb Code    84  stm32f4xx_hal_adc.o(i.HAL_ADC_Init)
    HAL_ADC_MspInit                          0x080009b1   Thumb Code   164  stm32f4xx_hal_msp.o(i.HAL_ADC_MspInit)
    HAL_ADC_Start_DMA                        0x08000a6d   Thumb Code   302  stm32f4xx_hal_adc.o(i.HAL_ADC_Start_DMA)
    HAL_DMA_Abort                            0x08000bc1   Thumb Code   146  stm32f4xx_hal_dma.o(i.HAL_DMA_Abort)
    HAL_DMA_Abort_IT                         0x08000c53   Thumb Code    36  stm32f4xx_hal_dma.o(i.HAL_DMA_Abort_IT)
    HAL_DMA_IRQHandler                       0x08000c79   Thumb Code   412  stm32f4xx_hal_dma.o(i.HAL_DMA_IRQHandler)
    HAL_DMA_Init                             0x08000e19   Thumb Code   206  stm32f4xx_hal_dma.o(i.HAL_DMA_Init)
    HAL_DMA_Start_IT                         0x08000eed   Thumb Code   110  stm32f4xx_hal_dma.o(i.HAL_DMA_Start_IT)
    HAL_GPIO_EXTI_Callback                   0x08000f5b   Thumb Code     2  stm32f4xx_hal_gpio.o(i.HAL_GPIO_EXTI_Callback)
    HAL_GPIO_EXTI_IRQHandler                 0x08000f5d   Thumb Code    18  stm32f4xx_hal_gpio.o(i.HAL_GPIO_EXTI_IRQHandler)
    HAL_GPIO_Init                            0x08000f75   Thumb Code   436  stm32f4xx_hal_gpio.o(i.HAL_GPIO_Init)
    HAL_GPIO_WritePin                        0x08001151   Thumb Code    10  stm32f4xx_hal_gpio.o(i.HAL_GPIO_WritePin)
    HAL_GetTick                              0x0800115d   Thumb Code     6  stm32f4xx_hal.o(i.HAL_GetTick)
    HAL_IncTick                              0x08001169   Thumb Code    12  stm32f4xx_hal.o(i.HAL_IncTick)
    HAL_Init                                 0x08001179   Thumb Code    48  stm32f4xx_hal.o(i.HAL_Init)
    HAL_InitTick                             0x080011ad   Thumb Code    54  stm32f4xx_hal.o(i.HAL_InitTick)
    HAL_MspInit                              0x080011ed   Thumb Code    42  stm32f4xx_hal_msp.o(i.HAL_MspInit)
    HAL_NVIC_EnableIRQ                       0x0800121d   Thumb Code    26  stm32f4xx_hal_cortex.o(i.HAL_NVIC_EnableIRQ)
    HAL_NVIC_SetPriority                     0x08001239   Thumb Code    60  stm32f4xx_hal_cortex.o(i.HAL_NVIC_SetPriority)
    HAL_NVIC_SetPriorityGrouping             0x08001279   Thumb Code    26  stm32f4xx_hal_cortex.o(i.HAL_NVIC_SetPriorityGrouping)
    HAL_PWREx_EnableOverDrive                0x0800129d   Thumb Code    98  stm32f4xx_hal_pwr_ex.o(i.HAL_PWREx_EnableOverDrive)
    HAL_RCC_ClockConfig                      0x0800130d   Thumb Code   288  stm32f4xx_hal_rcc.o(i.HAL_RCC_ClockConfig)
    HAL_RCC_GetPCLK1Freq                     0x08001441   Thumb Code    20  stm32f4xx_hal_rcc.o(i.HAL_RCC_GetPCLK1Freq)
    HAL_RCC_GetPCLK2Freq                     0x08001461   Thumb Code    20  stm32f4xx_hal_rcc.o(i.HAL_RCC_GetPCLK2Freq)
    HAL_RCC_GetSysClockFreq                  0x08001481   Thumb Code   140  stm32f4xx_hal_rcc_ex.o(i.HAL_RCC_GetSysClockFreq)
    HAL_RCC_OscConfig                        0x08001519   Thumb Code   900  stm32f4xx_hal_rcc_ex.o(i.HAL_RCC_OscConfig)
    HAL_SYSTICK_Config                       0x080018b1   Thumb Code    40  stm32f4xx_hal_cortex.o(i.HAL_SYSTICK_Config)
    HAL_TIMEx_MasterConfigSynchronization    0x080018d9   Thumb Code   116  stm32f4xx_hal_tim_ex.o(i.HAL_TIMEx_MasterConfigSynchronization)
    HAL_TIM_Base_Init                        0x08001969   Thumb Code    90  stm32f4xx_hal_tim.o(i.HAL_TIM_Base_Init)
    HAL_TIM_Base_MspInit                     0x080019c5   Thumb Code    74  stm32f4xx_hal_msp.o(i.HAL_TIM_Base_MspInit)
    HAL_TIM_Base_Start                       0x08001a21   Thumb Code    90  stm32f4xx_hal_tim.o(i.HAL_TIM_Base_Start)
    HAL_TIM_ConfigClockSource                0x08001a99   Thumb Code   220  stm32f4xx_hal_tim.o(i.HAL_TIM_ConfigClockSource)
    HAL_TIM_MspPostInit                      0x08001b75   Thumb Code   102  stm32f4xx_hal_msp.o(i.HAL_TIM_MspPostInit)
    HAL_TIM_OnePulse_Init                    0x08001bf1   Thumb Code    86  stm32f4xx_hal_tim.o(i.HAL_TIM_OnePulse_Init)
    HAL_TIM_OnePulse_MspInit                 0x08001c47   Thumb Code     2  stm32f4xx_hal_tim.o(i.HAL_TIM_OnePulse_MspInit)
    HAL_TIM_PWM_ConfigChannel                0x08001c49   Thumb Code   204  stm32f4xx_hal_tim.o(i.HAL_TIM_PWM_ConfigChannel)
    HAL_TIM_PWM_Init                         0x08001d15   Thumb Code    90  stm32f4xx_hal_tim.o(i.HAL_TIM_PWM_Init)
    HAL_TIM_PWM_MspInit                      0x08001d6f   Thumb Code     2  stm32f4xx_hal_tim.o(i.HAL_TIM_PWM_MspInit)
    HAL_UARTEx_RxEventCallback               0x08001d71   Thumb Code     2  stm32f4xx_hal_uart.o(i.HAL_UARTEx_RxEventCallback)
    HAL_UART_ErrorCallback                   0x08001d73   Thumb Code     2  stm32f4xx_hal_uart.o(i.HAL_UART_ErrorCallback)
    HAL_UART_IRQHandler                      0x08001d75   Thumb Code   610  stm32f4xx_hal_uart.o(i.HAL_UART_IRQHandler)
    HAL_UART_Init                            0x08001fdd   Thumb Code    98  stm32f4xx_hal_uart.o(i.HAL_UART_Init)
    HAL_UART_MspInit                         0x08002041   Thumb Code   146  stm32f4xx_hal_msp.o(i.HAL_UART_MspInit)
    HAL_UART_RxCpltCallback                  0x080020e5   Thumb Code    26  main.o(i.HAL_UART_RxCpltCallback)
    HAL_UART_Transmit                        0x08002105   Thumb Code   178  stm32f4xx_hal_uart.o(i.HAL_UART_Transmit)
    HAL_UART_TxCpltCallback                  0x080021b7   Thumb Code     2  stm32f4xx_hal_uart.o(i.HAL_UART_TxCpltCallback)
    HardFault_Handler                        0x080021b9   Thumb Code     2  stm32f4xx_it.o(i.HardFault_Handler)
    MemManage_Handler                        0x08002561   Thumb Code     2  stm32f4xx_it.o(i.MemManage_Handler)
    NMI_Handler                              0x08002563   Thumb Code     2  stm32f4xx_it.o(i.NMI_Handler)
    PendSV_Handler                           0x080025f9   Thumb Code     2  stm32f4xx_it.o(i.PendSV_Handler)
    SVC_Handler                              0x08002749   Thumb Code     2  stm32f4xx_it.o(i.SVC_Handler)
    SysTick_Handler                          0x0800274b   Thumb Code     4  stm32f4xx_it.o(i.SysTick_Handler)
    SystemClock_Config                       0x08002751   Thumb Code   150  main.o(i.SystemClock_Config)
    SystemInit                               0x080027f1   Thumb Code    12  system_stm32f4xx.o(i.SystemInit)
    TIM_Base_SetConfig                       0x08002801   Thumb Code   156  stm32f4xx_hal_tim.o(i.TIM_Base_SetConfig)
    TIM_CCxChannelCmd                        0x080028c9   Thumb Code    26  stm32f4xx_hal_tim.o(i.TIM_CCxChannelCmd)
    TIM_ETR_SetConfig                        0x080028e3   Thumb Code    20  stm32f4xx_hal_tim.o(i.TIM_ETR_SetConfig)
    TIM_OC2_SetConfig                        0x08002969   Thumb Code    98  stm32f4xx_hal_tim.o(i.TIM_OC2_SetConfig)
    UART5_IRQHandler                         0x08002ad5   Thumb Code     6  stm32f4xx_it.o(i.UART5_IRQHandler)
    UsageFault_Handler                       0x08002d85   Thumb Code     2  stm32f4xx_it.o(i.UsageFault_Handler)
    main                                     0x08002f6d   Thumb Code   290  main.o(i.main)
    __aeabi_d2f                              0x0800372d   Thumb Code     0  d2f.o(x$fpl$d2f)
    _d2f                                     0x0800372d   Thumb Code    98  d2f.o(x$fpl$d2f)
    __fpl_dcmp_Inf                           0x0800378f   Thumb Code    24  dcmpi.o(x$fpl$dcmpinf)
    __aeabi_ddiv                             0x080037a9   Thumb Code     0  ddiv.o(x$fpl$ddiv)
    _ddiv                                    0x080037a9   Thumb Code   552  ddiv.o(x$fpl$ddiv)
    __aeabi_d2uiz                            0x08003a59   Thumb Code     0  dfixu.o(x$fpl$dfixu)
    _dfixu                                   0x08003a59   Thumb Code    90  dfixu.o(x$fpl$dfixu)
    __aeabi_cdcmple                          0x08003ab5   Thumb Code     0  dleqf.o(x$fpl$dleqf)
    _dcmple                                  0x08003ab5   Thumb Code   120  dleqf.o(x$fpl$dleqf)
    __fpl_dcmple_InfNaN                      0x08003b17   Thumb Code     0  dleqf.o(x$fpl$dleqf)
    __aeabi_dmul                             0x08003b2d   Thumb Code     0  dmul.o(x$fpl$dmul)
    _dmul                                    0x08003b2d   Thumb Code   332  dmul.o(x$fpl$dmul)
    __fpl_dnaninf                            0x08003c81   Thumb Code   156  dnaninf.o(x$fpl$dnaninf)
    __fpl_dretinf                            0x08003d1d   Thumb Code    12  dretinf.o(x$fpl$dretinf)
    __aeabi_cdrcmple                         0x08003d29   Thumb Code     0  drleqf.o(x$fpl$drleqf)
    _drcmple                                 0x08003d29   Thumb Code   108  drleqf.o(x$fpl$drleqf)
    __aeabi_f2d                              0x08003d95   Thumb Code     0  f2d.o(x$fpl$f2d)
    _f2d                                     0x08003d95   Thumb Code    86  f2d.o(x$fpl$f2d)
    __fpl_fnaninf                            0x08003deb   Thumb Code   140  fnaninf.o(x$fpl$fnaninf)
    _fp_init                                 0x08003e77   Thumb Code    10  fpinit.o(x$fpl$fpinit)
    __fplib_config_fpu_vfp                   0x08003e7f   Thumb Code     0  fpinit.o(x$fpl$fpinit)
    __fplib_config_pureend_doubles           0x08003e7f   Thumb Code     0  fpinit.o(x$fpl$fpinit)
    __fpl_fretinf                            0x08003e81   Thumb Code    10  fretinf.o(x$fpl$fretinf)
    __I$use$fp                               0x08003e8a   Number         0  usenofp.o(x$fpl$usenofp)
    AHBPrescTable                            0x08003e92   Data          16  system_stm32f4xx.o(.constdata)
    APBPrescTable                            0x08003ea2   Data           8  system_stm32f4xx.o(.constdata)
    Region$$Table$$Base                      0x08003eac   Number         0  anon$$obj.o(Region$$Table)
    Region$$Table$$Limit                     0x08003ecc   Number         0  anon$$obj.o(Region$$Table)
    VOLTAGE_SHIFT                            0x20000000   Data           4  main.o(.data)
    CURRENT_SHIFT                            0x20000004   Data           4  main.o(.data)
    TEMP_SHIFT                               0x20000008   Data           4  main.o(.data)
    DELAY_SHIFT                              0x2000000c   Data           4  main.o(.data)
    WIDTH_SHIFT                              0x20000010   Data           4  main.o(.data)
    RPM_SHIFT                                0x20000014   Data           4  main.o(.data)
    CYCLETIME_SHIFT                          0x20000018   Data           4  main.o(.data)
    uniPolePass                              0x2000001c   Data           4  main.o(.data)
    delaySetpoint                            0x20000020   Data           4  main.o(.data)
    widthSetpoint                            0x20000024   Data           4  main.o(.data)
    rpmSetPulse                              0x20000028   Data           4  main.o(.data)
    pulseDelay                               0x2000002c   Data           4  main.o(.data)
    pulseWidth                               0x20000030   Data           4  main.o(.data)
    rpmPulseAttackTime                       0x20000034   Data           4  main.o(.data)
    startupSetpoint                          0x20000038   Data           4  main.o(.data)
    startupFrequencyDecr                     0x2000003c   Data           4  main.o(.data)
    minimumMotorFreq                         0x20000040   Data           4  main.o(.data)
    kp                                       0x20000044   Data           4  main.o(.data)
    ki                                       0x20000048   Data           4  main.o(.data)
    kd                                       0x2000004c   Data           4  main.o(.data)
    PID_MIN                                  0x20000050   Data           4  main.o(.data)
    PID_MAX                                  0x20000054   Data           4  main.o(.data)
    maxRpmSetpoint                           0x20000058   Data           4  main.o(.data)
    pulseDelayAvg                            0x2000005c   Data           4  main.o(.data)
    pulseWidthAvg                            0x20000060   Data           4  main.o(.data)
    voltageAvgCalc                           0x20000064   Data           4  main.o(.data)
    currentAvgCalc                           0x20000068   Data           4  main.o(.data)
    tempAvgCalc                              0x2000006c   Data           4  main.o(.data)
    pulseDelayAvgCalc                        0x20000070   Data           4  main.o(.data)
    pulseWidthAvgCalc                        0x20000074   Data           4  main.o(.data)
    rpmAvgCalc                               0x20000078   Data           4  main.o(.data)
    motorVoltage                             0x2000007c   Data           4  main.o(.data)
    motorCurrent                             0x20000080   Data           4  main.o(.data)
    motorTemperature                         0x20000084   Data           4  main.o(.data)
    motorEnable                              0x20000088   Data           4  main.o(.data)
    pidEnable                                0x2000008c   Data           4  main.o(.data)
    pidAvgInput                              0x20000090   Data           4  main.o(.data)
    uartEnable                               0x20000094   Data           4  main.o(.data)
    cycleBufferEnable                        0x20000098   Data           4  main.o(.data)
    cycleTimeRaw                             0x2000009c   Data           4  main.o(.data)
    halfTimeRaw                              0x200000a0   Data           4  main.o(.data)
    cycleTime                                0x200000a4   Data           4  main.o(.data)
    halfTime                                 0x200000a8   Data           4  main.o(.data)
    cycleAvgCalc                             0x200000ac   Data           4  main.o(.data)
    halfCycleAvgCalc                         0x200000b0   Data           4  main.o(.data)
    highPulseState                           0x200000b4   Data           4  main.o(.data)
    lowPulseState                            0x200000b8   Data           4  main.o(.data)
    rpmPulse                                 0x200000bc   Data           4  main.o(.data)
    hertzPulse                               0x200000c0   Data           4  main.o(.data)
    voltageAvg                               0x200000c4   Data           4  main.o(.data)
    currentAvg                               0x200000c8   Data           4  main.o(.data)
    tempAvg                                  0x200000cc   Data           4  main.o(.data)
    rpmAvg                                   0x200000d0   Data           4  main.o(.data)
    prevMotorEnable                          0x200000d4   Data           4  main.o(.data)
    pulseCycle                               0x200000d8   Data           4  main.o(.data)
    motorRunning                             0x200000dc   Data           4  main.o(.data)
    motorAtSpeed                             0x200000e0   Data           4  main.o(.data)
    rpmActSetPulse                           0x200000e4   Data           4  main.o(.data)
    rpmSetPulsePrev                          0x200000e8   Data           4  main.o(.data)
    rpmPulseIncremental                      0x200000ec   Data           4  main.o(.data)
    incrementalPulseDone                     0x200000f0   Data           4  main.o(.data)
    startupFrequency                         0x200000f4   Data           4  main.o(.data)
    motorStartupState                        0x200000f8   Data           4  main.o(.data)
    error                                    0x200000fc   Data           4  main.o(.data)
    cumError                                 0x20000100   Data           4  main.o(.data)
    rateError                                0x20000104   Data           4  main.o(.data)
    lastError                                0x20000108   Data           4  main.o(.data)
    multiplierPid                            0x2000010c   Data           4  main.o(.data)
    rxDataAvailable                          0x20000110   Data           4  main.o(.data)
    tempConv                                 0x20000114   Data           4  main.o(.data)
    serialDelaySetpoint                      0x20000118   Data           4  main.o(.data)
    serialWidthSetpoint                      0x2000011c   Data           4  main.o(.data)
    serialRpmSetpoint                        0x20000120   Data           4  main.o(.data)
    Tx_data                                  0x20000124   Data           8  main.o(.data)
    uwTickFreq                               0x2000012c   Data           1  stm32f4xx_hal.o(.data)
    uwTickPrio                               0x20000130   Data           4  stm32f4xx_hal.o(.data)
    uwTick                                   0x20000134   Data           4  stm32f4xx_hal.o(.data)
    SystemCoreClock                          0x20000138   Data           4  system_stm32f4xx.o(.data)
    hadc3                                    0x2000013c   Data          72  main.o(.bss)
    htim3                                    0x20000184   Data          72  main.o(.bss)
    htim4                                    0x200001cc   Data          72  main.o(.bss)
    htim5                                    0x20000214   Data          72  main.o(.bss)
    huart5                                   0x2000025c   Data          68  main.o(.bss)
    analogInputs                             0x200002a0   Data          16  main.o(.bss)
    analogShift                              0x200002b0   Data         400  main.o(.bss)
    rpmShift                                 0x20000440   Data          80  main.o(.bss)
    cycleShift                               0x20000490   Data         160  main.o(.bss)
    Rx_data                                  0x20000530   Data          16  main.o(.bss)
    hdma_adc3                                0x20000540   Data          96  main.o(.bss)
    __libspace_start                         0x200005a0   Data          96  libspace.o(.bss)
    __temporary_stack_top$libspace           0x20000600   Data           0  libspace.o(.bss)



==============================================================================

Memory Map of the image

  Image Entry point : 0x080001c5

  Load Region LR_IROM1 (Base: 0x08000000, Size: 0x00004008, Max: 0x00080000, ABSOLUTE, COMPRESSED[0x00003f0c])

    Execution Region ER_IROM1 (Exec base: 0x08000000, Load base: 0x08000000, Size: 0x00003ecc, Max: 0x00080000, ABSOLUTE)

    Exec Addr    Load Addr    Size         Type   Attr      Idx    E Section Name        Object

    0x08000000   0x08000000   0x000001c4   Data   RO            3    RESET               startup_stm32f446xx.o
    0x080001c4   0x080001c4   0x00000008   Code   RO         3307  * !!!main             c_w.l(__main.o)
    0x080001cc   0x080001cc   0x00000034   Code   RO         3505    !!!scatter          c_w.l(__scatter.o)
    0x08000200   0x08000200   0x0000005a   Code   RO         3503    !!dczerorl2         c_w.l(__dczerorl2.o)
    0x0800025a   0x0800025a   0x00000002   PAD
    0x0800025c   0x0800025c   0x0000001c   Code   RO         3507    !!handler_zi        c_w.l(__scatter_zi.o)
    0x08000278   0x08000278   0x00000002   Code   RO         3373    .ARM.Collect$$libinit$$00000000  c_w.l(libinit.o)
    0x0800027a   0x0800027a   0x00000004   Code   RO         3385    .ARM.Collect$$libinit$$00000001  c_w.l(libinit2.o)
    0x0800027e   0x0800027e   0x00000000   Code   RO         3388    .ARM.Collect$$libinit$$00000004  c_w.l(libinit2.o)
    0x0800027e   0x0800027e   0x00000000   Code   RO         3391    .ARM.Collect$$libinit$$0000000A  c_w.l(libinit2.o)
    0x0800027e   0x0800027e   0x00000000   Code   RO         3393    .ARM.Collect$$libinit$$0000000C  c_w.l(libinit2.o)
    0x0800027e   0x0800027e   0x00000000   Code   RO         3395    .ARM.Collect$$libinit$$0000000E  c_w.l(libinit2.o)
    0x0800027e   0x0800027e   0x00000000   Code   RO         3398    .ARM.Collect$$libinit$$00000011  c_w.l(libinit2.o)
    0x0800027e   0x0800027e   0x00000000   Code   RO         3400    .ARM.Collect$$libinit$$00000013  c_w.l(libinit2.o)
    0x0800027e   0x0800027e   0x00000000   Code   RO         3402    .ARM.Collect$$libinit$$00000015  c_w.l(libinit2.o)
    0x0800027e   0x0800027e   0x00000000   Code   RO         3404    .ARM.Collect$$libinit$$00000017  c_w.l(libinit2.o)
    0x0800027e   0x0800027e   0x00000000   Code   RO         3406    .ARM.Collect$$libinit$$00000019  c_w.l(libinit2.o)
    0x0800027e   0x0800027e   0x00000000   Code   RO         3408    .ARM.Collect$$libinit$$0000001B  c_w.l(libinit2.o)
    0x0800027e   0x0800027e   0x00000000   Code   RO         3410    .ARM.Collect$$libinit$$0000001D  c_w.l(libinit2.o)
    0x0800027e   0x0800027e   0x00000000   Code   RO         3412    .ARM.Collect$$libinit$$0000001F  c_w.l(libinit2.o)
    0x0800027e   0x0800027e   0x00000000   Code   RO         3414    .ARM.Collect$$libinit$$00000021  c_w.l(libinit2.o)
    0x0800027e   0x0800027e   0x00000000   Code   RO         3416    .ARM.Collect$$libinit$$00000023  c_w.l(libinit2.o)
    0x0800027e   0x0800027e   0x00000000   Code   RO         3418    .ARM.Collect$$libinit$$00000025  c_w.l(libinit2.o)
    0x0800027e   0x0800027e   0x00000000   Code   RO         3422    .ARM.Collect$$libinit$$0000002C  c_w.l(libinit2.o)
    0x0800027e   0x0800027e   0x00000000   Code   RO         3424    .ARM.Collect$$libinit$$0000002E  c_w.l(libinit2.o)
    0x0800027e   0x0800027e   0x00000000   Code   RO         3426    .ARM.Collect$$libinit$$00000030  c_w.l(libinit2.o)
    0x0800027e   0x0800027e   0x00000000   Code   RO         3428    .ARM.Collect$$libinit$$00000032  c_w.l(libinit2.o)
    0x0800027e   0x0800027e   0x00000002   Code   RO         3429    .ARM.Collect$$libinit$$00000033  c_w.l(libinit2.o)
    0x08000280   0x08000280   0x00000002   Code   RO         3460    .ARM.Collect$$libshutdown$$00000000  c_w.l(libshutdown.o)
    0x08000282   0x08000282   0x00000000   Code   RO         3486    .ARM.Collect$$libshutdown$$00000002  c_w.l(libshutdown2.o)
    0x08000282   0x08000282   0x00000000   Code   RO         3488    .ARM.Collect$$libshutdown$$00000004  c_w.l(libshutdown2.o)
    0x08000282   0x08000282   0x00000000   Code   RO         3491    .ARM.Collect$$libshutdown$$00000007  c_w.l(libshutdown2.o)
    0x08000282   0x08000282   0x00000000   Code   RO         3494    .ARM.Collect$$libshutdown$$0000000A  c_w.l(libshutdown2.o)
    0x08000282   0x08000282   0x00000000   Code   RO         3496    .ARM.Collect$$libshutdown$$0000000C  c_w.l(libshutdown2.o)
    0x08000282   0x08000282   0x00000000   Code   RO         3499    .ARM.Collect$$libshutdown$$0000000F  c_w.l(libshutdown2.o)
    0x08000282   0x08000282   0x00000002   Code   RO         3500    .ARM.Collect$$libshutdown$$00000010  c_w.l(libshutdown2.o)
    0x08000284   0x08000284   0x00000000   Code   RO         3327    .ARM.Collect$$rtentry$$00000000  c_w.l(__rtentry.o)
    0x08000284   0x08000284   0x00000000   Code   RO         3344    .ARM.Collect$$rtentry$$00000002  c_w.l(__rtentry2.o)
    0x08000284   0x08000284   0x00000006   Code   RO         3356    .ARM.Collect$$rtentry$$00000004  c_w.l(__rtentry4.o)
    0x0800028a   0x0800028a   0x00000000   Code   RO         3346    .ARM.Collect$$rtentry$$00000009  c_w.l(__rtentry2.o)
    0x0800028a   0x0800028a   0x00000004   Code   RO         3347    .ARM.Collect$$rtentry$$0000000A  c_w.l(__rtentry2.o)
    0x0800028e   0x0800028e   0x00000000   Code   RO         3349    .ARM.Collect$$rtentry$$0000000C  c_w.l(__rtentry2.o)
    0x0800028e   0x0800028e   0x00000008   Code   RO         3350    .ARM.Collect$$rtentry$$0000000D  c_w.l(__rtentry2.o)
    0x08000296   0x08000296   0x00000002   Code   RO         3377    .ARM.Collect$$rtexit$$00000000  c_w.l(rtexit.o)
    0x08000298   0x08000298   0x00000000   Code   RO         3433    .ARM.Collect$$rtexit$$00000002  c_w.l(rtexit2.o)
    0x08000298   0x08000298   0x00000004   Code   RO         3434    .ARM.Collect$$rtexit$$00000003  c_w.l(rtexit2.o)
    0x0800029c   0x0800029c   0x00000006   Code   RO         3435    .ARM.Collect$$rtexit$$00000004  c_w.l(rtexit2.o)
    0x080002a2   0x080002a2   0x00000002   PAD
    0x080002a4   0x080002a4   0x00000040   Code   RO            4    .text               startup_stm32f446xx.o
    0x080002e4   0x080002e4   0x000000ee   Code   RO         3301    .text               c_w.l(lludivv7m.o)
    0x080003d2   0x080003d2   0x0000004e   Code   RO         3303    .text               c_w.l(rt_memclr_w.o)
    0x08000420   0x08000420   0x00000006   Code   RO         3305    .text               c_w.l(heapauxi.o)
    0x08000426   0x08000426   0x0000004a   Code   RO         3360    .text               c_w.l(sys_stackheap_outer.o)
    0x08000470   0x08000470   0x00000012   Code   RO         3362    .text               c_w.l(exit.o)
    0x08000482   0x08000482   0x00000002   PAD
    0x08000484   0x08000484   0x00000008   Code   RO         3374    .text               c_w.l(libspace.o)
    0x0800048c   0x0800048c   0x0000000c   Code   RO         3430    .text               c_w.l(sys_exit.o)
    0x08000498   0x08000498   0x00000002   Code   RO         3449    .text               c_w.l(use_no_semi.o)
    0x0800049a   0x0800049a   0x00000000   Code   RO         3451    .text               c_w.l(indicate_semi.o)
    0x0800049a   0x0800049a   0x0000006e   Code   RO          422    i.ADC_DMAConvCplt   stm32f4xx_hal_adc.o
    0x08000508   0x08000508   0x00000016   Code   RO          423    i.ADC_DMAError      stm32f4xx_hal_adc.o
    0x0800051e   0x0800051e   0x0000000a   Code   RO          424    i.ADC_DMAHalfConvCplt  stm32f4xx_hal_adc.o
    0x08000528   0x08000528   0x00000128   Code   RO          425    i.ADC_Init          stm32f4xx_hal_adc.o
    0x08000650   0x08000650   0x00000002   Code   RO          255    i.BusFault_Handler  stm32f4xx_it.o
    0x08000652   0x08000652   0x00000002   PAD
    0x08000654   0x08000654   0x0000000c   Code   RO          256    i.DMA2_Stream0_IRQHandler  stm32f4xx_it.o
    0x08000660   0x08000660   0x00000028   Code   RO         1243    i.DMA_CalcBaseAndBitshift  stm32f4xx_hal_dma.o
    0x08000688   0x08000688   0x00000054   Code   RO         1244    i.DMA_CheckFifoParam  stm32f4xx_hal_dma.o
    0x080006dc   0x080006dc   0x00000028   Code   RO         1245    i.DMA_SetConfig     stm32f4xx_hal_dma.o
    0x08000704   0x08000704   0x00000002   Code   RO          257    i.DebugMon_Handler  stm32f4xx_it.o
    0x08000706   0x08000706   0x00000002   PAD
    0x08000708   0x08000708   0x00000074   Code   RO          258    i.EXTI0_IRQHandler  stm32f4xx_it.o
    0x0800077c   0x0800077c   0x00000070   Code   RO          259    i.EXTI1_IRQHandler  stm32f4xx_it.o
    0x080007ec   0x080007ec   0x00000004   Code   RO           13    i.Error_Handler     main.o
    0x080007f0   0x080007f0   0x00000164   Code   RO          427    i.HAL_ADC_ConfigChannel  stm32f4xx_hal_adc.o
    0x08000954   0x08000954   0x00000002   Code   RO           14    i.HAL_ADC_ConvCpltCallback  main.o
    0x08000956   0x08000956   0x00000002   Code   RO          429    i.HAL_ADC_ConvHalfCpltCallback  stm32f4xx_hal_adc.o
    0x08000958   0x08000958   0x00000002   Code   RO          431    i.HAL_ADC_ErrorCallback  stm32f4xx_hal_adc.o
    0x0800095a   0x0800095a   0x00000054   Code   RO          436    i.HAL_ADC_Init      stm32f4xx_hal_adc.o
    0x080009ae   0x080009ae   0x00000002   PAD
    0x080009b0   0x080009b0   0x000000bc   Code   RO          356    i.HAL_ADC_MspInit   stm32f4xx_hal_msp.o
    0x08000a6c   0x08000a6c   0x00000154   Code   RO          443    i.HAL_ADC_Start_DMA  stm32f4xx_hal_adc.o
    0x08000bc0   0x08000bc0   0x00000092   Code   RO         1246    i.HAL_DMA_Abort     stm32f4xx_hal_dma.o
    0x08000c52   0x08000c52   0x00000024   Code   RO         1247    i.HAL_DMA_Abort_IT  stm32f4xx_hal_dma.o
    0x08000c76   0x08000c76   0x00000002   PAD
    0x08000c78   0x08000c78   0x000001a0   Code   RO         1251    i.HAL_DMA_IRQHandler  stm32f4xx_hal_dma.o
    0x08000e18   0x08000e18   0x000000d4   Code   RO         1252    i.HAL_DMA_Init      stm32f4xx_hal_dma.o
    0x08000eec   0x08000eec   0x0000006e   Code   RO         1256    i.HAL_DMA_Start_IT  stm32f4xx_hal_dma.o
    0x08000f5a   0x08000f5a   0x00000002   Code   RO         1137    i.HAL_GPIO_EXTI_Callback  stm32f4xx_hal_gpio.o
    0x08000f5c   0x08000f5c   0x00000018   Code   RO         1138    i.HAL_GPIO_EXTI_IRQHandler  stm32f4xx_hal_gpio.o
    0x08000f74   0x08000f74   0x000001dc   Code   RO         1139    i.HAL_GPIO_Init     stm32f4xx_hal_gpio.o
    0x08001150   0x08001150   0x0000000a   Code   RO         1143    i.HAL_GPIO_WritePin  stm32f4xx_hal_gpio.o
    0x0800115a   0x0800115a   0x00000002   PAD
    0x0800115c   0x0800115c   0x0000000c   Code   RO         1689    i.HAL_GetTick       stm32f4xx_hal.o
    0x08001168   0x08001168   0x00000010   Code   RO         1695    i.HAL_IncTick       stm32f4xx_hal.o
    0x08001178   0x08001178   0x00000034   Code   RO         1696    i.HAL_Init          stm32f4xx_hal.o
    0x080011ac   0x080011ac   0x00000040   Code   RO         1697    i.HAL_InitTick      stm32f4xx_hal.o
    0x080011ec   0x080011ec   0x00000030   Code   RO          357    i.HAL_MspInit       stm32f4xx_hal_msp.o
    0x0800121c   0x0800121c   0x0000001a   Code   RO         1546    i.HAL_NVIC_EnableIRQ  stm32f4xx_hal_cortex.o
    0x08001236   0x08001236   0x00000002   PAD
    0x08001238   0x08001238   0x00000040   Code   RO         1552    i.HAL_NVIC_SetPriority  stm32f4xx_hal_cortex.o
    0x08001278   0x08001278   0x00000024   Code   RO         1553    i.HAL_NVIC_SetPriorityGrouping  stm32f4xx_hal_cortex.o
    0x0800129c   0x0800129c   0x00000070   Code   RO         1475    i.HAL_PWREx_EnableOverDrive  stm32f4xx_hal_pwr_ex.o
    0x0800130c   0x0800130c   0x00000134   Code   RO          701    i.HAL_RCC_ClockConfig  stm32f4xx_hal_rcc.o
    0x08001440   0x08001440   0x00000020   Code   RO          708    i.HAL_RCC_GetPCLK1Freq  stm32f4xx_hal_rcc.o
    0x08001460   0x08001460   0x00000020   Code   RO          709    i.HAL_RCC_GetPCLK2Freq  stm32f4xx_hal_rcc.o
    0x08001480   0x08001480   0x00000098   Code   RO          812    i.HAL_RCC_GetSysClockFreq  stm32f4xx_hal_rcc_ex.o
    0x08001518   0x08001518   0x00000398   Code   RO          813    i.HAL_RCC_OscConfig  stm32f4xx_hal_rcc_ex.o
    0x080018b0   0x080018b0   0x00000028   Code   RO         1557    i.HAL_SYSTICK_Config  stm32f4xx_hal_cortex.o
    0x080018d8   0x080018d8   0x00000090   Code   RO         2659    i.HAL_TIMEx_MasterConfigSynchronization  stm32f4xx_hal_tim_ex.o
    0x08001968   0x08001968   0x0000005a   Code   RO         1936    i.HAL_TIM_Base_Init  stm32f4xx_hal_tim.o
    0x080019c2   0x080019c2   0x00000002   PAD
    0x080019c4   0x080019c4   0x0000005c   Code   RO          359    i.HAL_TIM_Base_MspInit  stm32f4xx_hal_msp.o
    0x08001a20   0x08001a20   0x00000078   Code   RO         1939    i.HAL_TIM_Base_Start  stm32f4xx_hal_tim.o
    0x08001a98   0x08001a98   0x000000dc   Code   RO         1945    i.HAL_TIM_ConfigClockSource  stm32f4xx_hal_tim.o
    0x08001b74   0x08001b74   0x0000007c   Code   RO          360    i.HAL_TIM_MspPostInit  stm32f4xx_hal_msp.o
    0x08001bf0   0x08001bf0   0x00000056   Code   RO         2001    i.HAL_TIM_OnePulse_Init  stm32f4xx_hal_tim.o
    0x08001c46   0x08001c46   0x00000002   Code   RO         2003    i.HAL_TIM_OnePulse_MspInit  stm32f4xx_hal_tim.o
    0x08001c48   0x08001c48   0x000000cc   Code   RO         2008    i.HAL_TIM_PWM_ConfigChannel  stm32f4xx_hal_tim.o
    0x08001d14   0x08001d14   0x0000005a   Code   RO         2011    i.HAL_TIM_PWM_Init  stm32f4xx_hal_tim.o
    0x08001d6e   0x08001d6e   0x00000002   Code   RO         2013    i.HAL_TIM_PWM_MspInit  stm32f4xx_hal_tim.o
    0x08001d70   0x08001d70   0x00000002   Code   RO         2918    i.HAL_UARTEx_RxEventCallback  stm32f4xx_hal_uart.o
    0x08001d72   0x08001d72   0x00000002   Code   RO         2932    i.HAL_UART_ErrorCallback  stm32f4xx_hal_uart.o
    0x08001d74   0x08001d74   0x00000268   Code   RO         2935    i.HAL_UART_IRQHandler  stm32f4xx_hal_uart.o
    0x08001fdc   0x08001fdc   0x00000062   Code   RO         2936    i.HAL_UART_Init     stm32f4xx_hal_uart.o
    0x0800203e   0x0800203e   0x00000002   PAD
    0x08002040   0x08002040   0x000000a4   Code   RO          362    i.HAL_UART_MspInit  stm32f4xx_hal_msp.o
    0x080020e4   0x080020e4   0x00000020   Code   RO           15    i.HAL_UART_RxCpltCallback  main.o
    0x08002104   0x08002104   0x000000b2   Code   RO         2944    i.HAL_UART_Transmit  stm32f4xx_hal_uart.o
    0x080021b6   0x080021b6   0x00000002   Code   RO         2947    i.HAL_UART_TxCpltCallback  stm32f4xx_hal_uart.o
    0x080021b8   0x080021b8   0x00000002   Code   RO          260    i.HardFault_Handler  stm32f4xx_it.o
    0x080021ba   0x080021ba   0x00000002   PAD
    0x080021bc   0x080021bc   0x000000c0   Code   RO           16    i.MX_ADC3_Init      main.o
    0x0800227c   0x0800227c   0x000000e4   Code   RO           17    i.MX_GPIO_Init      main.o
    0x08002360   0x08002360   0x000000cc   Code   RO           18    i.MX_TIM3_Init      main.o
    0x0800242c   0x0800242c   0x000000cc   Code   RO           19    i.MX_TIM4_Init      main.o
    0x080024f8   0x080024f8   0x00000068   Code   RO           20    i.MX_TIM5_Init      main.o
    0x08002560   0x08002560   0x00000002   Code   RO          261    i.MemManage_Handler  stm32f4xx_it.o
    0x08002562   0x08002562   0x00000002   Code   RO          262    i.NMI_Handler       stm32f4xx_it.o
    0x08002564   0x08002564   0x00000094   Code   RO           21    i.PIDcalculations   main.o
    0x080025f8   0x080025f8   0x00000002   Code   RO          263    i.PendSV_Handler    stm32f4xx_it.o
    0x080025fa   0x080025fa   0x00000002   PAD
    0x080025fc   0x080025fc   0x0000014c   Code   RO           22    i.RPMmotorRamp      main.o
    0x08002748   0x08002748   0x00000002   Code   RO          264    i.SVC_Handler       stm32f4xx_it.o
    0x0800274a   0x0800274a   0x00000004   Code   RO          265    i.SysTick_Handler   stm32f4xx_it.o
    0x0800274e   0x0800274e   0x00000002   PAD
    0x08002750   0x08002750   0x000000a0   Code   RO           23    i.SystemClock_Config  main.o
    0x080027f0   0x080027f0   0x00000010   Code   RO         3265    i.SystemInit        system_stm32f4xx.o
    0x08002800   0x08002800   0x000000c8   Code   RO         2029    i.TIM_Base_SetConfig  stm32f4xx_hal_tim.o
    0x080028c8   0x080028c8   0x0000001a   Code   RO         2030    i.TIM_CCxChannelCmd  stm32f4xx_hal_tim.o
    0x080028e2   0x080028e2   0x00000014   Code   RO         2040    i.TIM_ETR_SetConfig  stm32f4xx_hal_tim.o
    0x080028f6   0x080028f6   0x00000010   Code   RO         2041    i.TIM_ITRx_SetConfig  stm32f4xx_hal_tim.o
    0x08002906   0x08002906   0x00000002   PAD
    0x08002908   0x08002908   0x00000060   Code   RO         2042    i.TIM_OC1_SetConfig  stm32f4xx_hal_tim.o
    0x08002968   0x08002968   0x0000006c   Code   RO         2043    i.TIM_OC2_SetConfig  stm32f4xx_hal_tim.o
    0x080029d4   0x080029d4   0x00000068   Code   RO         2044    i.TIM_OC3_SetConfig  stm32f4xx_hal_tim.o
    0x08002a3c   0x08002a3c   0x00000050   Code   RO         2045    i.TIM_OC4_SetConfig  stm32f4xx_hal_tim.o
    0x08002a8c   0x08002a8c   0x00000022   Code   RO         2047    i.TIM_TI1_ConfigInputStage  stm32f4xx_hal_tim.o
    0x08002aae   0x08002aae   0x00000024   Code   RO         2049    i.TIM_TI2_ConfigInputStage  stm32f4xx_hal_tim.o
    0x08002ad2   0x08002ad2   0x00000002   PAD
    0x08002ad4   0x08002ad4   0x0000000c   Code   RO          266    i.UART5_IRQHandler  stm32f4xx_it.o
    0x08002ae0   0x08002ae0   0x00000010   Code   RO         2949    i.UART_DMAAbortOnError  stm32f4xx_hal_uart.o
    0x08002af0   0x08002af0   0x0000004e   Code   RO         2959    i.UART_EndRxTransfer  stm32f4xx_hal_uart.o
    0x08002b3e   0x08002b3e   0x000000c0   Code   RO         2961    i.UART_Receive_IT   stm32f4xx_hal_uart.o
    0x08002bfe   0x08002bfe   0x00000002   PAD
    0x08002c00   0x08002c00   0x0000010c   Code   RO         2962    i.UART_SetConfig    stm32f4xx_hal_uart.o
    0x08002d0c   0x08002d0c   0x00000078   Code   RO         2965    i.UART_WaitOnFlagUntilTimeout  stm32f4xx_hal_uart.o
    0x08002d84   0x08002d84   0x00000002   Code   RO          267    i.UsageFault_Handler  stm32f4xx_it.o
    0x08002d86   0x08002d86   0x00000020   Code   RO         1559    i.__NVIC_SetPriority  stm32f4xx_hal_cortex.o
    0x08002da6   0x08002da6   0x00000002   PAD
    0x08002da8   0x08002da8   0x000000f8   Code   RO           24    i.analogShifter     main.o
    0x08002ea0   0x08002ea0   0x000000cc   Code   RO           25    i.dataSelector      main.o
    0x08002f6c   0x08002f6c   0x00000148   Code   RO           26    i.main              main.o
    0x080030b4   0x080030b4   0x00000134   Code   RO           27    i.motorCalculations  main.o
    0x080031e8   0x080031e8   0x000000ac   Code   RO           28    i.motorEnableSafe   main.o
    0x08003294   0x08003294   0x0000006c   Code   RO           29    i.motorRunningState  main.o
    0x08003300   0x08003300   0x000000d4   Code   RO           30    i.motorStartup      main.o
    0x080033d4   0x080033d4   0x00000124   Code   RO           31    i.rpmShifter        main.o
    0x080034f8   0x080034f8   0x00000234   Code   RO           32    i.rxDataProcessing  main.o
    0x0800372c   0x0800372c   0x00000062   Code   RO         3309    x$fpl$d2f           fz_wm.l(d2f.o)
    0x0800378e   0x0800378e   0x00000018   Code   RO         3332    x$fpl$dcmpinf       fz_wm.l(dcmpi.o)
    0x080037a6   0x080037a6   0x00000002   PAD
    0x080037a8   0x080037a8   0x000002b0   Code   RO         3312    x$fpl$ddiv          fz_wm.l(ddiv.o)
    0x08003a58   0x08003a58   0x0000005a   Code   RO         3315    x$fpl$dfixu         fz_wm.l(dfixu.o)
    0x08003ab2   0x08003ab2   0x00000002   PAD
    0x08003ab4   0x08003ab4   0x00000078   Code   RO         3319    x$fpl$dleqf         fz_wm.l(dleqf.o)
    0x08003b2c   0x08003b2c   0x00000154   Code   RO         3321    x$fpl$dmul          fz_wm.l(dmul.o)
    0x08003c80   0x08003c80   0x0000009c   Code   RO         3334    x$fpl$dnaninf       fz_wm.l(dnaninf.o)
    0x08003d1c   0x08003d1c   0x0000000c   Code   RO         3336    x$fpl$dretinf       fz_wm.l(dretinf.o)
    0x08003d28   0x08003d28   0x0000006c   Code   RO         3323    x$fpl$drleqf        fz_wm.l(drleqf.o)
    0x08003d94   0x08003d94   0x00000056   Code   RO         3325    x$fpl$f2d           fz_wm.l(f2d.o)
    0x08003dea   0x08003dea   0x0000008c   Code   RO         3338    x$fpl$fnaninf       fz_wm.l(fnaninf.o)
    0x08003e76   0x08003e76   0x0000000a   Code   RO         3445    x$fpl$fpinit        fz_wm.l(fpinit.o)
    0x08003e80   0x08003e80   0x0000000a   Code   RO         3340    x$fpl$fretinf       fz_wm.l(fretinf.o)
    0x08003e8a   0x08003e8a   0x00000000   Code   RO         3342    x$fpl$usenofp       fz_wm.l(usenofp.o)
    0x08003e8a   0x08003e8a   0x00000008   Data   RO         1258    .constdata          stm32f4xx_hal_dma.o
    0x08003e92   0x08003e92   0x00000010   Data   RO         3266    .constdata          system_stm32f4xx.o
    0x08003ea2   0x08003ea2   0x00000008   Data   RO         3267    .constdata          system_stm32f4xx.o
    0x08003eaa   0x08003eaa   0x00000002   PAD
    0x08003eac   0x08003eac   0x00000020   Data   RO         3501    Region$$Table       anon$$obj.o


    Execution Region RW_IRAM1 (Exec base: 0x20000000, Load base: 0x08003ecc, Size: 0x00000c00, Max: 0x00020000, ABSOLUTE, COMPRESSED[0x00000040])

    Exec Addr    Load Addr    Size         Type   Attr      Idx    E Section Name        Object

    0x20000000   COMPRESSED   0x0000012c   Data   RW           42    .data               main.o
    0x2000012c   COMPRESSED   0x0000000c   Data   RW         1703    .data               stm32f4xx_hal.o
    0x20000138   COMPRESSED   0x00000004   Data   RW         3268    .data               system_stm32f4xx.o
    0x2000013c        -       0x00000404   Zero   RW           33    .bss                main.o
    0x20000540        -       0x00000060   Zero   RW           34    .bss                main.o
    0x200005a0        -       0x00000060   Zero   RW         3375    .bss                c_w.l(libspace.o)
    0x20000600        -       0x00000200   Zero   RW            2    HEAP                startup_stm32f446xx.o
    0x20000800        -       0x00000400   Zero   RW            1    STACK               startup_stm32f446xx.o


==============================================================================

Image component sizes


      Code (inc. data)   RO Data    RW Data    ZI Data      Debug   Object Name

      4046        284          0        300       1124     746133   main.o
        64         26        452          0       1536        900   startup_stm32f446xx.o
       144         24          0         12          0       9033   stm32f4xx_hal.o
      1222         72          0          0          0       7474   stm32f4xx_hal_adc.o
       198         14          0          0          0      34287   stm32f4xx_hal_cortex.o
      1084         16          8          0          0       7862   stm32f4xx_hal_dma.o
       512         46          0          0          0       3644   stm32f4xx_hal_gpio.o
       616         88          0          0          0       4296   stm32f4xx_hal_msp.o
       112         14          0          0          0       1400   stm32f4xx_hal_pwr_ex.o
       372         44          0          0          0       3114   stm32f4xx_hal_rcc.o
      1072         32          0          0          0       2978   stm32f4xx_hal_rcc_ex.o
      1534        110          0          0          0      15264   stm32f4xx_hal_tim.o
       144         28          0          0          0       1456   stm32f4xx_hal_tim_ex.o
      1572         16          0          0          0      10626   stm32f4xx_hal_uart.o
       272         88          0          0          0       6889   stm32f4xx_it.o
        16          4         24          4          0       1295   system_stm32f4xx.o

    ----------------------------------------------------------------------
     13010        906        518        316       2660     856651   Object Totals
         0          0         32          0          0          0   (incl. Generated)
        30          0          2          0          0          0   (incl. Padding)

    ----------------------------------------------------------------------

      Code (inc. data)   RO Data    RW Data    ZI Data      Debug   Library Member Name

        90          0          0          0          0          0   __dczerorl2.o
         8          0          0          0          0         68   __main.o
         0          0          0          0          0          0   __rtentry.o
        12          0          0          0          0          0   __rtentry2.o
         6          0          0          0          0          0   __rtentry4.o
        52          8          0          0          0          0   __scatter.o
        28          0          0          0          0          0   __scatter_zi.o
        18          0          0          0          0         80   exit.o
         6          0          0          0          0        152   heapauxi.o
         0          0          0          0          0          0   indicate_semi.o
         2          0          0          0          0          0   libinit.o
         6          0          0          0          0          0   libinit2.o
         2          0          0          0          0          0   libshutdown.o
         2          0          0          0          0          0   libshutdown2.o
         8          4          0          0         96         68   libspace.o
       238          0          0          0          0        100   lludivv7m.o
        78          0          0          0          0         80   rt_memclr_w.o
         2          0          0          0          0          0   rtexit.o
        10          0          0          0          0          0   rtexit2.o
        12          4          0          0          0         68   sys_exit.o
        74          0          0          0          0         80   sys_stackheap_outer.o
         2          0          0          0          0         68   use_no_semi.o
        98          4          0          0          0        140   d2f.o
        24          0          0          0          0        116   dcmpi.o
       688        140          0          0          0        256   ddiv.o
        90          4          0          0          0        140   dfixu.o
       120          4          0          0          0        140   dleqf.o
       340         12          0          0          0        152   dmul.o
       156          4          0          0          0        140   dnaninf.o
        12          0          0          0          0        116   dretinf.o
       108          0          0          0          0        128   drleqf.o
        86          4          0          0          0        132   f2d.o
       140          4          0          0          0        132   fnaninf.o
        10          0          0          0          0        116   fpinit.o
        10          0          0          0          0        116   fretinf.o
         0          0          0          0          0          0   usenofp.o

    ----------------------------------------------------------------------
      2548        192          0          0         96       2588   Library Totals
        10          0          0          0          0          0   (incl. Padding)

    ----------------------------------------------------------------------

      Code (inc. data)   RO Data    RW Data    ZI Data      Debug   Library Name

       656         16          0          0         96        764   c_w.l
      1882        176          0          0          0       1824   fz_wm.l

    ----------------------------------------------------------------------
      2548        192          0          0         96       2588   Library Totals

    ----------------------------------------------------------------------

==============================================================================


      Code (inc. data)   RO Data    RW Data    ZI Data      Debug   

     15558       1098        518        316       2756     848079   Grand Totals
     15558       1098        518         64       2756     848079   ELF Image Totals (compressed)
     15558       1098        518         64          0          0   ROM Totals

==============================================================================

    Total RO  Size (Code + RO Data)                16076 (  15.70kB)
    Total RW  Size (RW Data + ZI Data)              3072 (   3.00kB)
    Total ROM Size (Code + RO Data + RW Data)      16140 (  15.76kB)

==============================================================================

