<html>
<body>
<pre>
<h1>µVision Build Log</h1>
<h2>Tool Versions:</h2>
IDE-Version: ÂµVision V5.30.0.0
Copyright (C) 2020 ARM Ltd and ARM Germany GmbH. All rights reserved.
License Information: Jeroen van Dijk, Acid Byte, LIC=----
 
Tool Versions:
Toolchain:       MDK-Lite  Version: 5.30.0.0
Toolchain Path:  X:\Keil_v5\ARM\ARMCC\Bin
C Compiler:      Armcc.exe V5.06 update 6 (build 750)
Assembler:       Armasm.exe V5.06 update 6 (build 750)
Linker/Locator:  ArmLink.exe V5.06 update 6 (build 750)
Library Manager: ArmAr.exe V5.06 update 6 (build 750)
Hex Converter:   FromElf.exe V5.06 update 6 (build 750)
CPU DLL:         SARMCM3.DLL V5.30.0.0
Dialog DLL:      DCM.DLL V1.17.3.0
Target DLL:      STLink\ST-LINKIII-KEIL_SWO.dll V3.0.7.0
Dialog DLL:      TCM.DLL V1.42.0.0
 
<h2>Project:</h2>
X:\Electronics\CubeMX\Impulse Motor Controller\Impulse-Motor-Controller\Motor Controller v2.1\MDK-ARM\Impulse Motor Controller.uvprojx
Project File Date:  05/20/2023

<h2>Output:</h2>
*** Using Compiler 'V5.06 update 6 (build 750)', folder: 'X:\Keil_v5\ARM\ARMCC\Bin'
Build target 'Impulse Motor Controller'
compiling main.c...
../Core/Src/main.c(88): warning:  #1035-D: single-precision operand implicitly converted to double-precision
  const float maxVoltage = (3.3 * ((R1 + R2) / R2));
../Core/Src/main.c(89): warning:  #1035-D: single-precision operand implicitly converted to double-precision
  const float voltageMultiplier = (maxVoltage / 4096.0); 
../Core/Src/main.c(95): warning:  #1035-D: single-precision operand implicitly converted to double-precision
  const float currentMultiplier = (maxCurrent / 4096.0); 
../Core/Src/main.c(860): warning:  #1035-D: single-precision operand implicitly converted to double-precision
  		if((rpmSetPulse > (rpmActSetPulse * 1.01)) && (motorAtSpeed == 0)){
../Core/Src/main.c(863): warning:  #1035-D: single-precision operand implicitly converted to double-precision
  		else if((rpmSetPulse < (rpmActSetPulse * 0.99)) && (motorAtSpeed == 0)){
../Core/Src/main.c(870): warning:  #1035-D: single-precision operand implicitly converted to double-precision
  		if((rpmPulse >= (rpmActSetPulse * 0.99)) && (rpmPulse <= (rpmActSetPulse * 1.01))){
../Core/Src/main.c(870): warning:  #1035-D: single-precision operand implicitly converted to double-precision
  		if((rpmPulse >= (rpmActSetPulse * 0.99)) && (rpmPulse <= (rpmActSetPulse * 1.01))){
../Core/Src/main.c(1089): warning:  #1035-D: single-precision operand implicitly converted to double-precision
  		rpmSetPulse = ((maxRpmSetpoint / 4096.0) * (float) pulseWidthAvg);
../Core/Src/main.c(1107): warning:  #1035-D: single-precision operand implicitly converted to double-precision
  		hertzPulse = (1000000.0 / (float) cycleTime); // calculate motor coil hertz
../Core/Src/main.c(1108): warning:  #1035-D: single-precision operand implicitly converted to double-precision
  		rpmPulse = (hertzPulse / uniPolePass)  * 60.0; // calculate rpm
../Core/Src/main.c(1109): warning:  #1035-D: single-precision operand implicitly converted to double-precision
  		pulseDelay = (((((float) cycleTime / 2.0) / 1000.0) * (float) delaySetpoint)); // calculate pulse time delay
../Core/Src/main.c(1110): warning:  #1035-D: single-precision operand implicitly converted to double-precision
  		pulseWidth = (uint32_t) (((((((float) cycleTime / 2.0) / 1000.0) * (float) widthSetpoint) / 2.0) / 1000.0) * (float)multiplierPid); // calculate pulse width
../Core/Src/main.c(1214): warning:  #1035-D: single-precision operand implicitly converted to double-precision
  				serialRpmSetpoint = (float)tempConv / 10000.0;
../Core/Src/main.c(1377): warning:  #1035-D: single-precision operand implicitly converted to double-precision
  				tempConv = (uint32_t)(hertzPulse * 100000.0);
../Core/Src/main.c(1391): warning:  #1035-D: single-precision operand implicitly converted to double-precision
  				tempConv = (uint32_t)(rpmPulse * 100000.0);
../Core/Src/main.c(1405): warning:  #1035-D: single-precision operand implicitly converted to double-precision
  				tempConv = (uint32_t)(rpmAvg * 100000.0);
../Core/Src/main.c(1419): warning:  #1035-D: single-precision operand implicitly converted to double-precision
  				tempConv = (uint32_t)(rpmActSetPulse * 100000.0);
../Core/Src/main.c(1485): warning:  #1035-D: single-precision operand implicitly converted to double-precision
  				tempConv = (uint32_t)(rpmSetPulse * 100000.0);
../Core/Src/main.c(1499): warning:  #1035-D: single-precision operand implicitly converted to double-precision
  				tempConv = (uint32_t)(rpmPulseAttackTime * 100000.0);
../Core/Src/main.c(1539): warning:  #1035-D: single-precision operand implicitly converted to double-precision
  				tempConv = (uint32_t)(minimumMotorFreq * 100000.0);
../Core/Src/main.c(1553): warning:  #1035-D: single-precision operand implicitly converted to double-precision
  				tempConv = (uint32_t)(motorVoltage * 10000.0);
../Core/Src/main.c(1567): warning:  #1035-D: single-precision operand implicitly converted to double-precision
  				tempConv = (uint32_t)(motorCurrent * 10000.0);
../Core/Src/main.c(1581): warning:  #1035-D: single-precision operand implicitly converted to double-precision
  				tempConv = (uint32_t)(motorTemperature * 10000.0);
../Core/Src/main.c(1634): warning:  #1035-D: single-precision operand implicitly converted to double-precision
  				tempConv = (uint32_t)(kp * 10000.0);
../Core/Src/main.c(1648): warning:  #1035-D: single-precision operand implicitly converted to double-precision
  				tempConv = (uint32_t)(ki * 10000.0);
../Core/Src/main.c(1662): warning:  #1035-D: single-precision operand implicitly converted to double-precision
  				tempConv = (uint32_t)(kd * 10000.0);
../Core/Src/main.c(1676): warning:  #1035-D: single-precision operand implicitly converted to double-precision
  				tempConv = (uint32_t)(temperatureThreshold * 10000.0);
../Core/Src/main.c(1690): warning:  #1035-D: single-precision operand implicitly converted to double-precision
  				tempConv = (uint32_t)(voltageThreshold * 10000.0);
../Core/Src/main.c(1704): warning:  #1035-D: single-precision operand implicitly converted to double-precision
  				tempConv = (uint32_t)(currentThreshold * 10000.0);
../Core/Src/main.c: 29 warnings, 0 errors
linking...
Program Size: Code=16414 RO-data=518 RW-data=332 ZI-data=2756  
FromELF: creating hex file...
"Impulse Motor Controller\Impulse Motor Controller.axf" - 0 Error(s), 29 Warning(s).

<h2>Software Packages used:</h2>

Package Vendor: ARM
                http://www.keil.com/pack/ARM.CMSIS.5.7.0.pack
                ARM.CMSIS.5.7.0
                CMSIS (Cortex Microcontroller Software Interface Standard)
   * Component: CORE Version: 5.4.0

Package Vendor: Keil
                http://www.keil.com/pack/Keil.STM32F4xx_DFP.2.14.0.pack
                Keil.STM32F4xx_DFP.2.14.0
                STMicroelectronics STM32F4 Series Device Support, Drivers and Examples

<h2>Collection of Component include folders:</h2>
  .\RTE\_Impulse_Motor_Controller
  C:\Users\Acid Byte\AppData\Local\Arm\Packs\ARM\CMSIS\5.7.0\CMSIS\Core\Include
  C:\Users\Acid Byte\AppData\Local\Arm\Packs\Keil\STM32F4xx_DFP\2.14.0\Drivers\CMSIS\Device\ST\STM32F4xx\Include

<h2>Collection of Component Files used:</h2>

   * Component: ARM::CMSIS:CORE:5.4.0
      Include file:  CMSIS\Core\Include\tz_context.h
Build Time Elapsed:  00:00:07
</pre>
</body>
</html>
