<html>
<body>
<pre>
<h1>µVision Build Log</h1>
<h2>Tool Versions:</h2>
IDE-Version: ÂµVision V5.30.0.0
Copyright (C) 2020 ARM Ltd and ARM Germany GmbH. All rights reserved.
License Information: Jeroen van Dijk, Acid Byte, LIC=----
 
Tool Versions:
Toolchain:       MDK-Lite  Version: 5.30.0.0
Toolchain Path:  X:\Keil_v5\ARM\ARMCC\Bin
C Compiler:      Armcc.exe V5.06 update 6 (build 750)
Assembler:       Armasm.exe V5.06 update 6 (build 750)
Linker/Locator:  ArmLink.exe V5.06 update 6 (build 750)
Library Manager: ArmAr.exe V5.06 update 6 (build 750)
Hex Converter:   FromElf.exe V5.06 update 6 (build 750)
CPU DLL:         SARMCM3.DLL V5.30.0.0
Dialog DLL:      DCM.DLL V1.17.3.0
Target DLL:      STLink\ST-LINKIII-KEIL_SWO.dll V3.0.7.0
Dialog DLL:      TCM.DLL V1.42.0.0
 
<h2>Project:</h2>
X:\Electronics\CubeMX\Impulse Motor Controller\Impulse Motor Controller\MDK-ARM\Impulse Motor Controller.uvprojx
Project File Date:  04/02/2023

<h2>Output:</h2>
*** Using Compiler 'V5.06 update 6 (build 750)', folder: 'X:\Keil_v5\ARM\ARMCC\Bin'
Build target 'Impulse Motor Controller'
compiling main.c...
../Core/Src/main.c(137): warning:  #1035-D: single-precision operand implicitly converted to double-precision
  				rpmPulse = (1000000.0 / ((float) cycleTime * (float) uniPolePass));
../Core/Src/main.c(138): warning:  #1035-D: single-precision operand implicitly converted to double-precision
  				pulseDelay = ((((float) cycleTime / 2.0) / 1010.0) * (float) delaySetpoint);
../Core/Src/main.c(139): warning:  #1035-D: single-precision operand implicitly converted to double-precision
  				pulseWidth = ((((float) cycleTime / 2.0) / 1010.0) * (float) widthSetpoint);
../Core/Src/main.c: 3 warnings, 0 errors
linking...
Program Size: Code=7592 RO-data=500 RW-data=56 ZI-data=1848  
FromELF: creating hex file...
"Impulse Motor Controller\Impulse Motor Controller.axf" - 0 Error(s), 3 Warning(s).

<h2>Software Packages used:</h2>

Package Vendor: ARM
                http://www.keil.com/pack/ARM.CMSIS.5.7.0.pack
                ARM.CMSIS.5.7.0
                CMSIS (Cortex Microcontroller Software Interface Standard)
   * Component: CORE Version: 5.4.0

Package Vendor: Keil
                http://www.keil.com/pack/Keil.STM32F4xx_DFP.2.14.0.pack
                Keil.STM32F4xx_DFP.2.14.0
                STMicroelectronics STM32F4 Series Device Support, Drivers and Examples

<h2>Collection of Component include folders:</h2>
  .\RTE\_Impulse_Motor_Controller
  C:\Users\Acid Byte\AppData\Local\Arm\Packs\ARM\CMSIS\5.7.0\CMSIS\Core\Include
  C:\Users\Acid Byte\AppData\Local\Arm\Packs\Keil\STM32F4xx_DFP\2.14.0\Drivers\CMSIS\Device\ST\STM32F4xx\Include

<h2>Collection of Component Files used:</h2>

   * Component: ARM::CMSIS:CORE:5.4.0
      Include file:  CMSIS\Core\Include\tz_context.h
Build Time Elapsed:  00:00:03
</pre>
</body>
</html>
